Archive member included to satisfy reference by file (symbol)

contiki-native.a(contiki-main.o)
                              /usr/lib/gcc/i686-linux-gnu/4.8/../../../i386-linux-gnu/crt1.o (main)
contiki-native.a(button-sensor.o)
                              border-router.co (button_sensor)
contiki-native.a(pir-sensor.o)
                              contiki-native.a(contiki-main.o) (pir_sensor)
contiki-native.a(vib-sensor.o)
                              contiki-native.a(contiki-main.o) (vib_sensor)
contiki-native.a(sensors.o)   border-router.co (sensors_event)
contiki-native.a(autostart.o)
                              contiki-native.a(contiki-main.o) (autostart_start)
contiki-native.a(ctimer.o)    contiki-native.a(contiki-main.o) (ctimer_init)
contiki-native.a(etimer.o)    contiki-native.a(contiki-main.o) (etimer_request_poll)
contiki-native.a(process.o)   border-router.co (process_current)
contiki-native.a(rtimer.o)    contiki-native.a(contiki-main.o) (rtimer_init)
contiki-native.a(timer.o)     obj_native/httpd-simple.o (timer_set)
contiki-native.a(serial-line.o)
                              contiki-native.a(contiki-main.o) (serial_line_input_byte)
contiki-native.a(slip.o)      obj_native/slip-bridge.o (slip_process)
contiki-native.a(list.o)      contiki-native.a(ctimer.o) (list_init)
contiki-native.a(memb.o)      obj_native/httpd-simple.o (memb_init)
contiki-native.a(ringbuf.o)   contiki-native.a(serial-line.o) (ringbuf_init)
contiki-native.a(sicslowpan.o)
                              contiki-native.a(contiki-main.o) (sicslowpan_driver)
contiki-native.a(uip6.o)      border-router.co (uip_aligned_buf)
contiki-native.a(uip-ds6.o)   contiki-native.a(uip6.o) (uip_ds6_is_addr_onlink)
contiki-native.a(uip-ds6-nbr.o)
                              border-router.co (ds6_neighbors)
contiki-native.a(uip-ds6-route.o)
                              contiki-native.a(uip-ds6.o) (uip_ds6_route_init)
contiki-native.a(uip-icmp6.o)
                              contiki-native.a(uip6.o) (uip_icmp6_input)
contiki-native.a(uip-nd6.o)   contiki-native.a(uip-ds6-nbr.o) (uip_nd6_ns_output)
contiki-native.a(psock.o)     border-router.co (psock_send)
contiki-native.a(tcpip.o)     contiki-native.a(sicslowpan.o) (tcpip_set_outputfunc)
contiki-native.a(uip-debug.o)
                              border-router.co (uip_debug_ipaddr_print)
contiki-native.a(uip-packetqueue)
                              contiki-native.a(uip-ds6-nbr.o) (uip_packetqueue_new)
contiki-native.a(rpl.o)       contiki-native.a(uip-ds6-nbr.o) (rpl_link_neighbor_callback)
contiki-native.a(rpl-dag.o)   contiki-native.a(rpl.o) (default_instance)
contiki-native.a(rpl-ext-header.)
                              contiki-native.a(uip6.o) (rpl_verify_header)
contiki-native.a(rpl-icmp6.o)
                              contiki-native.a(rpl.o) (dao_output_target)
contiki-native.a(rpl-mrhof.o)
                              contiki-native.a(rpl.o) (rpl_mrhof)
contiki-native.a(rpl-timers.o)
                              contiki-native.a(rpl.o) (rpl_reset_periodic_timer)
contiki-native.a(linkaddr.o)  contiki-native.a(sicslowpan.o) (linkaddr_copy)
contiki-native.a(nbr-table.o)
                              contiki-native.a(uip-ds6-nbr.o) (nbr_table_register)
contiki-native.a(netstack.o)  contiki-native.a(contiki-main.o) (netstack_init)
contiki-native.a(packetbuf.o)
                              contiki-native.a(sicslowpan.o) (packetbuf_set_datalen)
contiki-native.a(queuebuf.o)  contiki-native.a(contiki-main.o) (queuebuf_init)
contiki-native.a(framer-802154.o)
                              contiki-native.a(sicslowpan.o) (framer_802154)
contiki-native.a(framer.o)    contiki-native.a(framer-802154.o) (framer_canonical_create_and_secure)
contiki-native.a(nullmac.o)   border-router.co (nullmac_driver)
contiki-native.a(nullrdc.o)   contiki-native.a(contiki-main.o) (nullrdc_driver)
contiki-native.a(nullsec.o)   contiki-native.a(sicslowpan.o) (nullsec_driver)
contiki-native.a(clock.o)     contiki-native.a(etimer.o) (clock_time)
contiki-native.a(rtimer-arch.o)
                              contiki-native.a(rtimer.o) (rtimer_arch_init)
contiki-native.a(watchdog.o)  contiki-native.a(sicslowpan.o) (watchdog_periodic)
contiki-native.a(stimer.o)    contiki-native.a(uip-ds6.o) (stimer_set)
contiki-native.a(nullradio.o)
                              contiki-native.a(netstack.o) (nullradio_driver)
contiki-native.a(random.o)    contiki-native.a(uip-ds6.o) (random_rand)
contiki-native.a(frame802154.o)
                              contiki-native.a(framer-802154.o) (frame802154_hdrlen)
contiki-native.a(mac.o)       contiki-native.a(nullrdc.o) (mac_call_sent_callback)
/usr/lib/i386-linux-gnu/libc_nonshared.a(elf-init.oS)
                              /usr/lib/gcc/i686-linux-gnu/4.8/../../../i386-linux-gnu/crt1.o (__libc_csu_init)

Allocating common symbols
Common symbol       size              file

default_instance    0x4               contiki-native.a(rpl-dag.o)
uip_ds6_prefix_list
[...]
Memory Configuration

Name             Origin             Length             Attributes
*default*        0x0000000000000000 0xffffffffffffffff

Linker script and memory map

LOAD /usr/lib/gcc/i686-linux-gnu/4.8/../../../i386-linux-gnu/crt1.o
LOAD /usr/lib/gcc/i686-linux-gnu/4.8/../../../i386-linux-gnu/crti.o
LOAD /usr/lib/gcc/i686-linux-gnu/4.8/crtbegin.o
LOAD border-router.co
LOAD obj_native/slip-bridge.o
LOAD obj_native/httpd-simple.o
LOAD contiki-native.a
LOAD /usr/lib/gcc/i686-linux-gnu/4.8/../../../i386-linux-gnu/libncurses.so
LOAD /lib/i386-linux-gnu/libncurses.so.5
LOAD /usr/lib/gcc/i686-linux-gnu/4.8/../../../i386-linux-gnu/libtinfo.so
LOAD /usr/lib/gcc/i686-linux-gnu/4.8/libgcc.a
LOAD /usr/lib/gcc/i686-linux-gnu/4.8/libgcc_s.so
LOAD /usr/lib/gcc/i686-linux-gnu/4.8/../../../i386-linux-gnu/libc.so
START GROUP
LOAD /lib/i386-linux-gnu/libc.so.6
LOAD /usr/lib/i386-linux-gnu/libc_nonshared.a
LOAD /lib/i386-linux-gnu/ld-linux.so.2
END GROUP
LOAD /usr/lib/gcc/i686-linux-gnu/4.8/libgcc.a
LOAD /usr/lib/gcc/i686-linux-gnu/4.8/libgcc_s.so
LOAD /usr/lib/gcc/i686-linux-gnu/4.8/crtend.o
LOAD /usr/lib/gcc/i686-linux-gnu/4.8/../../../i386-linux-gnu/crtn.o
                0x0000000008048000                PROVIDE (__executable_start, 0x8048000)
                0x0000000008048154                . = (0x8048000 + SIZEOF_HEADERS)

.interp         0x0000000008048154       0x13
 *(.interp)
 .interp        0x0000000008048154       0x13 /usr/lib/gcc/i686-linux-gnu/4.8/../../../i386-linux-gnu/crt1.o

.note.ABI-tag   0x0000000008048168       0x20
 .note.ABI-tag  0x0000000008048168       0x20 /usr/lib/gcc/i686-linux-gnu/4.8/../../../i386-linux-gnu/crt1.o

.note.gnu.build-id
                0x0000000008048188       0x24
 *(.note.gnu.build-id)
 .note.gnu.build-id
                0x0000000008048188       0x24 /usr/lib/gcc/i686-linux-gnu/4.8/../../../i386-linux-gnu/crt1.o

.hash
 *(.hash)

.gnu.hash       0x00000000080481ac      0xc9c
 *(.gnu.hash)
 .gnu.hash      0x00000000080481ac      0xc9c /usr/lib/gcc/i686-linux-gnu/4.8/../../../i386-linux-gnu/crt1.o

.dynsym         0x0000000008048e48     0x1bd0
 *(.dynsym)
 .dynsym        0x0000000008048e48     0x1bd0 /usr/lib/gcc/i686-linux-gnu/4.8/../../../i386-linux-gnu/crt1.o

.dynstr         0x000000000804aa18     0x1bac
 *(.dynstr)
 .dynstr        0x000000000804aa18     0x1bac /usr/lib/gcc/i686-linux-gnu/4.8/../../../i386-linux-gnu/crt1.o

.gnu.version    0x000000000804c5c4      0x37a
 *(.gnu.version)
 .gnu.version   0x000000000804c5c4      0x37a /usr/lib/gcc/i686-linux-gnu/4.8/../../../i386-linux-gnu/crt1.o

.gnu.version_d  0x000000000804c940        0x0
 *(.gnu.version_d)
 .gnu.version_d
                0x0000000000000000        0x0 /usr/lib/gcc/i686-linux-gnu/4.8/../../../i386-linux-gnu/crt1.o

.gnu.version_r  0x000000000804c940       0x40
 *(.gnu.version_r)
 .gnu.version_r
                0x000000000804c940       0x40 /usr/lib/gcc/i686-linux-gnu/4.8/../../../i386-linux-gnu/crt1.o

.rel.dyn        0x000000000804c980       0x18
 *(.rel.init)
 *(.rel.text .rel.text.* .rel.gnu.linkonce.t.*)
 .rel.text      0x0000000000000000        0x0 /usr/lib/gcc/i686-linux-gnu/4.8/../../../i386-linux-gnu/crt1.o
 *(.rel.fini)
 *(.rel.rodata .rel.rodata.* .rel.gnu.linkonce.r.*)
 .rel.rodata    0x0000000000000000        0x0 /usr/lib/gcc/i686-linux-gnu/4.8/../../../i386-linux-gnu/crt1.o
 *(.rel.data.rel.ro .rel.data.rel.ro.* .rel.gnu.linkonce.d.rel.ro.*)
 *(.rel.data .rel.data.* .rel.gnu.linkonce.d.*)
 .rel.data      0x0000000000000000        0x0 /usr/lib/gcc/i686-linux-gnu/4.8/../../../i386-linux-gnu/crt1.o
 *(.rel.tdata .rel.tdata.* .rel.gnu.linkonce.td.*)
 *(.rel.tbss .rel.tbss.* .rel.gnu.linkonce.tb.*)
 *(.rel.ctors)
 *(.rel.dtors)
 *(.rel.got)
 .rel.got       0x000000000804c980        0x8 /usr/lib/gcc/i686-linux-gnu/4.8/../../../i386-linux-gnu/crt1.o
 *(.rel.bss .rel.bss.* .rel.gnu.linkonce.b.*)
 .rel.bss       0x000000000804c988       0x10 /usr/lib/gcc/i686-linux-gnu/4.8/../../../i386-linux-gnu/crt1.o
 *(.rel.ifunc)

.rel.plt        0x000000000804c998       0xd8
 *(.rel.plt)
 .rel.plt       0x000000000804c998       0xd8 /usr/lib/gcc/i686-linux-gnu/4.8/../../../i386-linux-gnu/crt1.o
                0x000000000804ca70                PROVIDE (__rel_iplt_start, .)
 *(.rel.iplt)
 .rel.iplt      0x0000000000000000        0x0 /usr/lib/gcc/i686-linux-gnu/4.8/../../../i386-linux-gnu/crt1.o
                0x000000000804ca70                PROVIDE (__rel_iplt_end, .)

.init           0x000000000804ca70       0x23
 *(SORT(.init))
 .init          0x000000000804ca70       0x1e /usr/lib/gcc/i686-linux-gnu/4.8/../../../i386-linux-gnu/crti.o
                0x000000000804ca70                _init
 .init          0x000000000804ca8e        0x5 /usr/lib/gcc/i686-linux-gnu/4.8/../../../i386-linux-gnu/crtn.o

.plt            0x000000000804caa0      0x1c0
 *(.plt)
 .plt           0x000000000804caa0      0x1c0 /usr/lib/gcc/i686-linux-gnu/4.8/../../../i386-linux-gnu/crt1.o
                0x000000000804cab0                setitimer@@GLIBC_2.0
                0x000000000804cac0                __snprintf_chk@@GLIBC_2.3.4
                0x000000000804cad0                read@@GLIBC_2.0
                0x000000000804cae0                memmove@@GLIBC_2.0
                0x000000000804caf0                memcpy@@GLIBC_2.0
                0x000000000804cb00                signal@@GLIBC_2.0
                0x000000000804cb10                memcmp@@GLIBC_2.0
                0x000000000804cb20                gettimeofday@@GLIBC_2.0
                0x000000000804cb30                select@@GLIBC_2.0
                0x000000000804cb40                __stack_chk_fail@@GLIBC_2.4
                0x000000000804cb50                perror@@GLIBC_2.0
                0x000000000804cb60                puts@@GLIBC_2.0
                0x000000000804cb70                __memmove_chk@@GLIBC_2.3.4
                0x000000000804cb80                __memcpy_chk@@GLIBC_2.3.4
                0x000000000804cba0                exit@@GLIBC_2.0
                0x000000000804cbb0                srand@@GLIBC_2.0
                0x000000000804cbc0                __libc_start_main@@GLIBC_2.0
                0x000000000804cbd0                setvbuf@@GLIBC_2.0
                0x000000000804cbe0                memset@@GLIBC_2.0
                0x000000000804cbf0                snprintf@@GLIBC_2.0
                0x000000000804cc00                __errno_location@@GLIBC_2.0
                0x000000000804cc10                strncpy@@GLIBC_2.0
                0x000000000804cc20                rand@@GLIBC_2.0
                0x000000000804cc30                __printf_chk@@GLIBC_2.3.4
                0x000000000804cc40                __fprintf_chk@@GLIBC_2.3.4
                0x000000000804cc50                strncmp@@GLIBC_2.0
 *(.iplt)
 .iplt          0x0000000000000000        0x0 /usr/lib/gcc/i686-linux-gnu/4.8/../../../i386-linux-gnu/crt1.o

.text           0x000000000804cc60     0xe312
 *(.text.unlikely .text.*_unlikely .text.unlikely.*)
 *(.text.exit .text.exit.*)
 *(.text.startup .text.startup.*)
 *(.text.hot .text.hot.*)
 *(.text .stub .text.* .gnu.linkonce.t.*)
 .text          0x000000000804cc60       0x22 /usr/lib/gcc/i686-linux-gnu/4.8/../../../i386-linux-gnu/crt1.o
                0x000000000804cc60                _start
 .text          0x000000000804cc82        0x0 /usr/lib/gcc/i686-linux-gnu/4.8/../../../i386-linux-gnu/crti.o
 *fill*         0x000000000804cc82        0xe 
 .gnu.linkonce.t.__x86.get_pc_thunk.bx
                0x000000000804cc90        0x4 /usr/lib/gcc/i686-linux-gnu/4.8/../../../i386-linux-gnu/crti.o
                0x000000000804cc90                __x86.get_pc_thunk.bx
 *fill*         0x000000000804cc94        0xc 
 .text          0x000000000804cca0       0xbd /usr/lib/gcc/i686-linux-gnu/4.8/crtbegin.o
 *fill*         0x000000000804cd5d        0x3 
 .text          0x000000000804cd60      0x79e border-router.co
                0x000000000804d27a                httpd_simple_get_script
                0x000000000804d280                request_prefix
                0x000000000804d435                set_prefix_64
 *fill*         0x000000000804d4fe        0x2 
 .text          0x000000000804d500      0x280 obj_native/slip-bridge.o
                0x000000000804d726                putchar
 .text          0x000000000804d780      0x468 obj_native/httpd-simple.o
                0x000000000804da8a                httpd_appcall
                0x000000000804dbc9                httpd_init
 *fill*         0x000000000804dbe8        0x8 
 .text          0x000000000804dbf0      0x465 contiki-native.a(contiki-main.o)
                0x000000000804dc3a                select_set_callback
                0x000000000804dcd9                main
                0x000000000804dff5                log_message
                0x000000000804e029                uip_log
 .text          0x000000000804e055       0x25 contiki-native.a(button-sensor.o)
                0x000000000804e067                button_press
 .text          0x000000000804e07a       0x2f contiki-native.a(pir-sensor.o)
                0x000000000804e08c                pir_sensor_changed
 .text          0x000000000804e0a9       0x2c contiki-native.a(vib-sensor.o)
                0x000000000804e0bb                vib_sensor_changed
 *fill*         0x000000000804e0d5        0xb 
 .text          0x000000000804e0e0      0x258 contiki-native.a(sensors.o)
                0x000000000804e224                sensors_first
                0x000000000804e22a                sensors_next
                0x000000000804e26e                sensors_changed
                0x000000000804e2c4                sensors_find
 .text          0x000000000804e338       0x58 contiki-native.a(autostart.o)
                0x000000000804e338                autostart_start
                0x000000000804e368                autostart_exit
 .text          0x000000000804e390      0x2aa contiki-native.a(ctimer.o)
                0x000000000804e46c                ctimer_init
                0x000000000804e49a                ctimer_set
                0x000000000804e505                ctimer_reset
                0x000000000804e54e                ctimer_restart
                0x000000000804e597                ctimer_stop
                0x000000000804e5d8                ctimer_expired
 *fill*         0x000000000804e63a        0x6 
 .text          0x000000000804e640      0x2e3 contiki-native.a(etimer.o)
                0x000000000804e691                etimer_request_poll
                0x000000000804e80d                etimer_set
                0x000000000804e831                etimer_reset
                0x000000000804e84d                etimer_restart
                0x000000000804e869                etimer_adjust
                0x000000000804e87f                etimer_expired
                0x000000000804e88e                etimer_expiration_time
                0x000000000804e898                etimer_start_time
                0x000000000804e89f                etimer_pending
                0x000000000804e8ad                etimer_next_expiration_time
                0x000000000804e8c1                etimer_stop
 *fill*         0x000000000804e923        0xd 
 .text          0x000000000804e930      0x3c0 contiki-native.a(process.o)
                0x000000000804ea98                process_alloc_event
                0x000000000804eaa9                process_exit
                0x000000000804eabf                process_init
                0x000000000804eae9                process_run
                0x000000000804ebc8                process_nevents
                0x000000000804ebdc                process_post
                0x000000000804ec42                process_post_synch
                0x000000000804ec69                process_start
                0x000000000804ecc0                process_poll
                0x000000000804ece1                process_is_running
 .text          0x000000000804ecf0       0x89 contiki-native.a(rtimer.o)
                0x000000000804ecf0                rtimer_init
                0x000000000804ecfc                rtimer_set
                0x000000000804ed3d                rtimer_run_next
 .text          0x000000000804ed79       0x72 contiki-native.a(timer.o)
                0x000000000804ed79                timer_set
                0x000000000804ed94                timer_reset
                0x000000000804ed9e                timer_restart
                0x000000000804edb0                timer_expired
                0x000000000804edd0                timer_remaining
 .text          0x000000000804edeb      0x1b0 contiki-native.a(serial-line.o)
                0x000000000804eef1                serial_line_input_byte
                0x000000000804ef64                serial_line_init
 *fill*         0x000000000804ef9b        0x5 
 .text          0x000000000804efa0      0x4cd contiki-native.a(slip.o)
                0x000000000804f1ee                slip_set_input_callback
                0x000000000804f1f8                slip_send
                0x000000000804f28a                slip_write
                0x000000000804f30a                slip_input_byte
 *fill*         0x000000000804f46d        0x3 
 .text          0x000000000804f470      0x171 contiki-native.a(list.o)
                0x000000000804f470                list_init
                0x000000000804f47b                list_head
                0x000000000804f482                list_copy
                0x000000000804f48f                list_tail
                0x000000000804f4aa                list_chop
                0x000000000804f4da                list_pop
                0x000000000804f4ea                list_remove
                0x000000000804f529                list_add
                0x000000000804f560                list_push
                0x000000000804f585                list_length
                0x000000000804f5a5                list_insert
                0x000000000804f5d0                list_item_next
 *fill*         0x000000000804f5e1        0xf 
 .text          0x000000000804f5f0      0x172 contiki-native.a(memb.o)
                0x000000000804f5f0                memb_init
                0x000000000804f639                memb_alloc
                0x000000000804f697                memb_free
                0x000000000804f704                memb_inmemb
                0x000000000804f731                memb_numfree
 .text          0x000000000804f762       0xc4 contiki-native.a(ringbuf.o)
                0x000000000804f762                ringbuf_init
                0x000000000804f780                ringbuf_put
                0x000000000804f7c9                ringbuf_get
                0x000000000804f805                ringbuf_size
                0x000000000804f811                ringbuf_elements
 *fill*         0x000000000804f826        0xa 
 .text          0x000000000804f830     0x1628 contiki-native.a(sicslowpan.o)
                0x000000000804f830                sicslowpan_init
                0x0000000008050e3d                rime_sniffer_add
                0x0000000008050e47                rime_sniffer_remove
                0x0000000008050e52                sicslowpan_get_last_rssi
 *fill*         0x0000000008050e58        0x8 
 .text          0x0000000008050e60     0x1c58 contiki-native.a(uip6.o)
                0x0000000008051061                uip_add32
                0x0000000008051143                uip_chksum
                0x000000000805115b                uip_icmp6chksum
                0x0000000008051167                uip_tcpchksum
                0x0000000008051173                uip_udpchksum
                0x000000000805117f                uip_init
                0x00000000080511e5                uip_connect
                0x0000000008051348                remove_ext_hdr
                0x00000000080513d6                uip_udp_new
                0x00000000080514fb                uip_unlisten
                0x000000000805155a                uip_listen
                0x00000000080515b5                uip_process
                0x0000000008052a17                uip_htons
                0x0000000008052a21                uip_htonl
                0x0000000008052a3b                uip_send
 *fill*         0x0000000008052ab8        0x8 
 .text          0x0000000008052ac0      0x996 contiki-native.a(uip-ds6.o)
                0x0000000008052ac0                uip_ds6_list_loop
                0x0000000008052b4b                uip_ds6_prefix_add
                0x0000000008052beb                uip_ds6_prefix_rm
                0x0000000008052bf8                uip_ds6_prefix_lookup
                0x0000000008052c42                uip_ds6_is_addr_onlink
                0x0000000008052ca5                uip_ds6_addr_lookup
                0x0000000008052cee                uip_ds6_get_link_local
                0x0000000008052d36                uip_ds6_get_global
                0x0000000008052d7e                uip_ds6_maddr_add
                0x0000000008052df0                uip_ds6_addr_add
                0x0000000008052f08                uip_ds6_maddr_rm
                0x0000000008052f15                uip_ds6_maddr_lookup
                0x0000000008052f5e                uip_ds6_addr_rm
                0x0000000008052fe9                uip_ds6_periodic
                0x0000000008053050                uip_ds6_aaddr_add
                0x00000000080530c2                uip_ds6_aaddr_rm
                0x00000000080530cf                uip_ds6_aaddr_lookup
                0x0000000008053118                uip_ds6_set_addr_iid
                0x0000000008053130                get_match_length
                0x0000000008053192                uip_ds6_select_src
                0x000000000805326b                uip_ds6_compute_reachable_time
                0x000000000805329d                uip_ds6_init
 *fill*         0x0000000008053456        0xa 
 .text          0x0000000008053460      0x46b contiki-native.a(uip-ds6-nbr.o)
                0x0000000008053460                uip_ds6_nbr_rm
                0x0000000008053495                uip_ds6_neighbors_init
                0x00000000080534b1                uip_ds6_nbr_add
                0x0000000008053546                uip_ds6_nbr_get_ipaddr
                0x000000000805354b                uip_ds6_nbr_get_ll
                0x0000000008053567                uip_ds6_nbr_num
                0x00000000080535a7                uip_ds6_nbr_lookup
                0x0000000008053615                uip_ds6_nbr_ll_lookup
                0x0000000008053631                uip_ds6_nbr_ipaddr_from_lladdr
                0x0000000008053644                uip_ds6_nbr_lladdr_from_ipaddr
                0x000000000805366b                uip_ds6_link_neighbor_callback
                0x00000000080536ae                uip_ds6_neighbor_periodic
                0x000000000805386a                uip_ds6_get_least_lifetime_neighbor
 *fill*         0x00000000080538cb        0x5 
 .text          0x00000000080538d0      0x713 contiki-native.a(uip-ds6-route.o)
                0x000000000805392d                uip_ds6_notification_add
                0x000000000805395a                uip_ds6_notification_rm
                0x0000000008053975                uip_ds6_route_init
                0x00000000080539cc                uip_ds6_route_nexthop
                0x00000000080539fd                uip_ds6_route_head
                0x0000000008053a10                uip_ds6_route_next
                0x0000000008053a2e                uip_ds6_route_num_routes
                0x0000000008053a34                uip_ds6_route_lookup
                0x0000000008053aee                uip_ds6_route_rm
                0x0000000008053c37                uip_ds6_route_add
                0x0000000008053dc9                uip_ds6_route_rm_by_nexthop
                0x0000000008053df1                uip_ds6_defrt_rm
                0x0000000008053e58                uip_ds6_defrt_lookup
                0x0000000008053eb4                uip_ds6_defrt_add
                0x0000000008053f44                uip_ds6_defrt_choose
                0x0000000008053f8d                uip_ds6_defrt_periodic
 *fill*         0x0000000008053fe3        0xd 
 .text          0x0000000008053ff0      0x7b5 contiki-native.a(uip-icmp6.o)
                0x00000000080543b3                uip_icmp6_input
                0x000000000805441f                uip_icmp6_register_input_handler
                0x000000000805443a                uip_icmp6_error_output
                0x0000000008054677                uip_icmp6_send
                0x000000000805473e                uip_icmp6_echo_reply_callback_add
                0x000000000805476b                uip_icmp6_echo_reply_callback_rm
                0x0000000008054786                uip_icmp6_init
 *fill*         0x00000000080547a5        0xb 
 .text          0x00000000080547b0      0x988 contiki-native.a(uip-nd6.o)
                0x0000000008054ecb                uip_nd6_ns_output
                0x0000000008055119                uip_nd6_init
 *fill*         0x0000000008055138        0x8 
 .text          0x0000000008055140      0x429 contiki-native.a(psock.o)
                0x0000000008055140                psock_send
                0x000000000805523e                psock_generator_send
                0x00000000080552f8                psock_datalen
                0x0000000008055304                psock_newdata
                0x0000000008055332                psock_readto
                0x00000000080553fa                psock_readbuf_len
                0x000000000805553a                psock_init
 *fill*         0x0000000008055569        0x7 
 .text          0x0000000008055570      0x9bb contiki-native.a(tcpip.o)
                0x0000000008055593                tcpip_output
                0x00000000080555b3                tcpip_set_outputfunc
                0x00000000080555bd                tcp_unlisten
                0x0000000008055624                tcp_listen
                0x000000000805569a                tcp_attach
                0x00000000080556af                udp_attach
                0x00000000080556c4                udp_new
                0x00000000080556f4                udp_broadcast_new
                0x000000000805577a                icmp6_new
                0x00000000080557a2                tcpip_icmp6_call
                0x00000000080557d5                tcpip_input
                0x0000000008055808                tcpip_ipv6_output
                0x0000000008055e0c                tcpip_poll_udp
                0x0000000008055e2f                tcpip_poll_tcp
                0x0000000008055e52                tcp_connect
                0x0000000008055e8f                tcpip_uipcall
 *fill*         0x0000000008055f2b        0x5 
 .text          0x0000000008055f30      0x13c contiki-native.a(uip-debug.o)
                0x0000000008055f30                uip_debug_ipaddr_print
                0x0000000008055fe7                uip_debug_lladdr_print
 .text          0x000000000805606c       0xf7 contiki-native.a(uip-packetqueue)
                0x0000000008056091                uip_packetqueue_new
                0x000000000805609c                uip_packetqueue_alloc
                0x00000000080560e8                uip_packetqueue_free
                0x0000000008056120                uip_packetqueue_buf
                0x0000000008056134                uip_packetqueue_buflen
                0x000000000805614c                uip_packetqueue_set_buflen
 *fill*         0x0000000008056163        0xd 
 .text          0x0000000008056170      0x394 contiki-native.a(rpl.o)
                0x0000000008056170                rpl_get_mode
                0x0000000008056176                rpl_set_mode
                0x00000000080561d4                rpl_purge_routes
                0x0000000008056299                rpl_remove_routes
                0x00000000080562cf                rpl_remove_routes_by_nexthop
                0x0000000008056333                rpl_add_route
                0x000000000805637f                rpl_link_neighbor_callback
                0x0000000008056442                rpl_ipv6_neighbor_callback
                0x0000000008056475                rpl_init
 *fill*         0x0000000008056504        0xc 
 .text          0x0000000008056510     0x1805 contiki-native.a(rpl-dag.o)
                0x00000000080566e8                rpl_get_nbr
                0x0000000008056720                rpl_print_neighbor_list
                0x0000000008056882                rpl_dag_init
                0x000000000805689e                rpl_get_parent
                0x00000000080568ba                rpl_get_parent_rank
                0x00000000080568e5                rpl_get_parent_link_metric
                0x0000000008056910                rpl_get_parent_ipaddr
                0x0000000008056934                rpl_set_prefix
                0x0000000008056a4e                rpl_set_default_route
                0x0000000008056aca                rpl_alloc_instance
                0x0000000008056b0c                rpl_set_default_instance
                0x0000000008056b16                rpl_get_default_instance
                0x0000000008056b1c                rpl_add_parent
                0x0000000008056b8a                rpl_find_parent
                0x0000000008056bb6                rpl_find_parent_any_dag
                0x0000000008056bf0                rpl_select_parent
                0x0000000008056c8b                rpl_select_dag
                0x0000000008056ec2                rpl_nullify_parent
                0x0000000008056f30                rpl_remove_parent
                0x0000000008056fb8                rpl_free_dag
                0x0000000008056ffa                rpl_free_instance
                0x000000000805708e                rpl_move_parent
                0x0000000008057103                rpl_get_any_dag
                0x0000000008057124                rpl_get_instance
                0x0000000008057146                rpl_repair_root
                0x00000000080571c6                rpl_alloc_dag
                0x000000000805729a                rpl_set_root
                0x0000000008057411                rpl_find_of
                0x000000000805742a                rpl_join_instance
                0x00000000080575e4                rpl_local_repair
                0x0000000008057662                rpl_process_parent_event
                0x000000000805770b                rpl_add_dag
                0x0000000008057886                rpl_recalculate_ranks
                0x00000000080578e4                rpl_process_dio
                0x0000000008057cf9                rpl_lock_parent
 *fill*         0x0000000008057d15        0xb 
 .text          0x0000000008057d20      0x564 contiki-native.a(rpl-ext-header.)
                0x0000000008057d20                rpl_verify_header
                0x0000000008057e27                rpl_update_header_empty
                0x0000000008058063                rpl_update_header_final
                0x000000000805813c                rpl_remove_header
                0x00000000080581c2                rpl_invert_header
                0x0000000008058265                rpl_insert_header
 *fill*         0x0000000008058284        0xc 
 .text          0x0000000008058290      0xefc contiki-native.a(rpl-icmp6.o)
                0x00000000080586f0                dis_output
                0x0000000008058791                dio_output
                0x0000000008058aca                dao_output_target
                0x0000000008058c07                dao_output
                0x0000000008058caf                dao_ack_output
                0x0000000008059155                rpl_icmp6_register_handlers
 .text          0x000000000805918c      0x1a0 contiki-native.a(rpl-mrhof.o)
 *fill*         0x000000000805932c        0x4 
 .text          0x0000000008059330      0x56a contiki-native.a(rpl-timers.o)
                0x0000000008059643                rpl_reset_periodic_timer
                0x000000000805968f                rpl_reset_dio_timer
                0x00000000080596bb                rpl_schedule_dao
                0x00000000080596d0                rpl_schedule_dao_immediately
                0x00000000080596e5                rpl_cancel_dao
                0x000000000805970e                rpl_schedule_probing
 .text          0x000000000805989a       0x59 contiki-native.a(linkaddr.o)
                0x000000000805989a                linkaddr_copy
                0x00000000080598ad                linkaddr_cmp
                0x00000000080598d8                linkaddr_set_node_addr
 *fill*         0x00000000080598f3        0xd 
 .text          0x0000000008059900      0x4db contiki-native.a(nbr-table.o)
                0x0000000008059a2d                nbr_table_register
                0x0000000008059a60                nbr_table_next
                0x0000000008059ac3                nbr_table_head
                0x0000000008059b10                nbr_table_add_lladdr
                0x0000000008059cec                nbr_table_get_from_lladdr
                0x0000000008059d27                nbr_table_remove
                0x0000000008059d6a                nbr_table_lock
                0x0000000008059d8a                nbr_table_unlock
                0x0000000008059daa                nbr_table_get_lladdr
 *fill*         0x0000000008059ddb        0x5 
 .text          0x0000000008059de0       0x21 contiki-native.a(netstack.o)
                0x0000000008059de0                netstack_init
 .text          0x0000000008059e01      0x3df contiki-native.a(packetbuf.o)
                0x0000000008059e01                packetbuf_clear_hdr
                0x0000000008059e09                packetbuf_compact
                0x0000000008059e4e                packetbuf_copyto_hdr
                0x0000000008059e80                packetbuf_copyto
                0x0000000008059f00                packetbuf_hdr_remove
                0x0000000008059f0b                packetbuf_hdrreduce
                0x0000000008059f37                packetbuf_set_datalen
                0x0000000008059f42                packetbuf_dataptr
                0x0000000008059f4f                packetbuf_hdrptr
                0x0000000008059f5c                packetbuf_datalen
                0x0000000008059f64                packetbuf_hdrlen
                0x0000000008059f7c                packetbuf_totlen
                0x0000000008059f8c                packetbuf_hdralloc
                0x0000000008059fcf                packetbuf_attr_clear
                0x000000000805a015                packetbuf_clear
                0x000000000805a044                packetbuf_copyfrom
                0x000000000805a08a                packetbuf_attr_copyto
                0x000000000805a0fb                packetbuf_attr_copyfrom
                0x000000000805a16b                packetbuf_set_attr
                0x000000000805a182                packetbuf_attr
                0x000000000805a190                packetbuf_set_addr
                0x000000000805a1b8                packetbuf_addr
                0x000000000805a1c5                packetbuf_holds_broadcast
 .text          0x000000000805a1e0      0x1ec contiki-native.a(queuebuf.o)
                0x000000000805a1e0                queuebuf_init
                0x000000000805a1ff                queuebuf_numfree
                0x000000000805a212                queuebuf_new_from_packetbuf
                0x000000000805a283                queuebuf_update_attr_from_packetbuf
                0x000000000805a2a7                queuebuf_update_from_packetbuf
                0x000000000805a2dd                queuebuf_free
                0x000000000805a320                queuebuf_to_packetbuf
                0x000000000805a36e                queuebuf_dataptr
                0x000000000805a398                queuebuf_datalen
                0x000000000805a3a6                queuebuf_addr
                0x000000000805a3b6                queuebuf_attr
                0x000000000805a3ca                queuebuf_debug_print
 *fill*         0x000000000805a3cc        0x4 
 .text          0x000000000805a3d0      0x2fb contiki-native.a(framer-802154.o)
 .text          0x000000000805a6cb       0x2a contiki-native.a(framer.o)
                0x000000000805a6cb                framer_canonical_create_and_secure
 .text          0x000000000805a6f5       0x52 contiki-native.a(nullmac.o)
 *fill*         0x000000000805a747        0x9 
 .text          0x000000000805a750      0x15d contiki-native.a(nullrdc.o)
 .text          0x000000000805a8ad       0x54 contiki-native.a(nullsec.o)
 .text          0x000000000805a901       0x5e contiki-native.a(clock.o)
                0x000000000805a901                clock_time
                0x000000000805a93e                clock_seconds
                0x000000000805a95d                clock_delay
 .text          0x000000000805a95f       0xac contiki-native.a(rtimer-arch.o)
                0x000000000805a97f                rtimer_arch_init
                0x000000000805a99a                rtimer_arch_schedule
 .text          0x000000000805aa0b       0x17 contiki-native.a(watchdog.o)
                0x000000000805aa0b                watchdog_init
                0x000000000805aa0d                watchdog_start
                0x000000000805aa0f                watchdog_periodic
                0x000000000805aa11                watchdog_stop
                0x000000000805aa13                watchdog_reboot
 .text          0x000000000805aa22       0x86 contiki-native.a(stimer.o)
                0x000000000805aa22                stimer_set
                0x000000000805aa3d                stimer_reset
                0x000000000805aa47                stimer_restart
                0x000000000805aa59                stimer_expired
                0x000000000805aa7b                stimer_remaining
                0x000000000805aa96                stimer_elapsed
 .text          0x000000000805aaa8       0x54 contiki-native.a(nullradio.o)
 .text          0x000000000805aafc       0x20 contiki-native.a(random.o)
                0x000000000805aafc                random_init
                0x000000000805ab10                random_rand
 .text          0x000000000805ab1c      0x3bb contiki-native.a(frame802154.o)
                0x000000000805ab9a                frame802154_hdrlen
                0x000000000805abd1                frame802154_create
                0x000000000805acf9                frame802154_parse
 .text          0x000000000805aed7       0x28 contiki-native.a(mac.o)
                0x000000000805aed7                mac_call_sent_callback
 *fill*         0x000000000805aeff        0x1 
 .text          0x000000000805af00       0x72 /usr/lib/i386-linux-gnu/libc_nonshared.a(elf-init.oS)
                0x000000000805af00                __libc_csu_init
                0x000000000805af70                __libc_csu_fini
 .text          0x000000000805af72        0x0 /usr/lib/gcc/i686-linux-gnu/4.8/crtend.o
 .text          0x000000000805af72        0x0 /usr/lib/gcc/i686-linux-gnu/4.8/../../../i386-linux-gnu/crtn.o
 *(.gnu.warning)

.fini           0x000000000805af74       0x14
 *(SORT(.fini))
 .fini          0x000000000805af74        0xf /usr/lib/gcc/i686-linux-gnu/4.8/../../../i386-linux-gnu/crti.o
                0x000000000805af74                _fini
 .fini          0x000000000805af83        0x5 /usr/lib/gcc/i686-linux-gnu/4.8/../../../i386-linux-gnu/crtn.o
                0x000000000805af88                PROVIDE (__etext, .)
                0x000000000805af88                PROVIDE (_etext, .)
                0x000000000805af88                PROVIDE (etext, .)

.rodata         0x000000000805afa0      0x6f8
 *(.rodata .rodata.* .gnu.linkonce.r.*)
 .rodata        0x000000000805afa0        0x4 /usr/lib/gcc/i686-linux-gnu/4.8/../../../i386-linux-gnu/crt1.o
                0x000000000805afa0                _fp_hw
 .rodata.cst4   0x000000000805afa4        0x4 /usr/lib/gcc/i686-linux-gnu/4.8/../../../i386-linux-gnu/crt1.o
                0x000000000805afa4                _IO_stdin_used
 .rodata.str1.1
                0x000000000805afa8       0x79 border-router.co
                                         0x7d (size before relaxing)
 *fill*         0x000000000805b021        0x3 
 .rodata.str1.4
                0x000000000805b024       0x34 border-router.co
 .rodata        0x000000000805b058        0xc border-router.co
                0x000000000805b058                autostart_processes
 .rodata.str1.4
                0x000000000805b064       0x7c obj_native/slip-bridge.o
 .rodata.str1.1
                0x000000000805b0e0       0x27 obj_native/slip-bridge.o
 *fill*         0x000000000805b107        0x1 
 .rodata        0x000000000805b108        0x8 obj_native/slip-bridge.o
                0x000000000805b108                rpl_interface
 .rodata.str1.4
                0x000000000805b110       0x59 obj_native/httpd-simple.o
 *fill*         0x000000000805b169       0x17 
 .rodata        0x000000000805b180       0xf2 obj_native/httpd-simple.o
                0x000000000805b180                http_index_html
                0x000000000805b18c                http_get
                0x000000000805b1a0                http_header_404
                0x000000000805b200                http_header_200
                0x000000000805b256                http_content_type_html
 *fill*         0x000000000805b272        0x2 
 .rodata.str1.4
                0x000000000805b274       0x47 contiki-native.a(contiki-main.o)
 .rodata.str1.1
                0x000000000805b2bb       0x5e contiki-native.a(contiki-main.o)
                                         0x62 (size before relaxing)
 *fill*         0x000000000805b319        0x3 
 .rodata        0x000000000805b31c       0x10 contiki-native.a(contiki-main.o)
 .rodata.str1.1
                0x000000000805b32c        0x7 contiki-native.a(button-sensor.o)
 *fill*         0x000000000805b333        0x1 
 .rodata        0x000000000805b334       0x10 contiki-native.a(button-sensor.o)
                0x000000000805b334                button_sensor
 .rodata.str1.1
                0x000000000805b344        0x4 contiki-native.a(pir-sensor.o)
 .rodata        0x000000000805b348       0x10 contiki-native.a(pir-sensor.o)
                0x000000000805b348                pir_sensor
 .rodata.str1.1
                0x000000000805b358        0xa contiki-native.a(vib-sensor.o)
 *fill*         0x000000000805b362        0x2 
 .rodata        0x000000000805b364       0x10 contiki-native.a(vib-sensor.o)
                0x000000000805b364                vib_sensor
 .rodata.str1.1
                0x000000000805b374        0x8 contiki-native.a(sensors.o)
 .rodata.str1.1
                0x000000000805b37c        0xf contiki-native.a(ctimer.o)
 .rodata.str1.1
                0x000000000805b38b        0xc contiki-native.a(etimer.o)
 .rodata.str1.1
                0x000000000805b397        0xe contiki-native.a(serial-line.o)
 .rodata.str1.1
                0x000000000805b3a5       0x21 contiki-native.a(slip.o)
 .rodata.str1.1
                0x000000000805b3c6        0xb contiki-native.a(sicslowpan.o)
 *fill*         0x000000000805b3d1        0x3 
 .rodata        0x000000000805b3d4       0x1e contiki-native.a(sicslowpan.o)
                0x000000000805b3d4                sicslowpan_driver
                0x000000000805b3e4                llprefix
                0x000000000805b3e6                unc_mxconf
                0x000000000805b3ea                unc_ctxconf
                0x000000000805b3ee                unc_llconf
 *fill*         0x000000000805b3f2        0x2 
 .rodata        0x000000000805b3f4      0x138 contiki-native.a(uip6.o)
 .rodata.str1.1
                0x000000000805b52c        0xd contiki-native.a(tcpip.o)
 .rodata.str1.1
                0x000000000805b539       0x23 contiki-native.a(uip-debug.o)
                                         0x29 (size before relaxing)
 .rodata.str1.4
                0x000000000805b55c       0x5c contiki-native.a(rpl-dag.o)
                                         0x5a (size before relaxing)
 .rodata.str1.1
                0x000000000805b5b8       0x11 contiki-native.a(rpl-dag.o)
 .rodata        0x000000000805b5c9        0x8 contiki-native.a(linkaddr.o)
                0x000000000805b5c9                linkaddr_null
 *fill*         0x000000000805b5d1        0x3 
 .rodata        0x000000000805b5d4       0x10 contiki-native.a(framer-802154.o)
                0x000000000805b5d4                framer_802154
 .rodata.str1.1
                0x000000000805b5e4        0x8 contiki-native.a(nullmac.o)
 .rodata        0x000000000805b5ec       0x1c contiki-native.a(nullmac.o)
                0x000000000805b5ec                nullmac_driver
 .rodata.str1.1
                0x000000000805b608        0x8 contiki-native.a(nullrdc.o)
 *fill*         0x000000000805b610       0x10 
 .rodata        0x000000000805b620       0x20 contiki-native.a(nullrdc.o)
                0x000000000805b620                nullrdc_driver
 .rodata.str1.1
                0x000000000805b640        0x8 contiki-native.a(nullsec.o)
 .rodata        0x000000000805b648       0x18 contiki-native.a(nullsec.o)
                0x000000000805b648                nullsec_driver
 .rodata        0x000000000805b660       0x38 contiki-native.a(nullradio.o)
                0x000000000805b660                nullradio_driver

.rodata1
 *(.rodata1)

.eh_frame_hdr   0x000000000805b698      0xe4c
 *(.eh_frame_hdr)
 .eh_frame_hdr  0x000000000805b698      0xe4c border-router.co

.eh_frame       0x000000000805c4e4     0x39f4
 *(.eh_frame)
 .eh_frame      0x000000000805c4e4       0x3c /usr/lib/gcc/i686-linux-gnu/4.8/../../../i386-linux-gnu/crt1.o
                                         0x40 (size before relaxing)
 .eh_frame      0x000000000805c520      0x11c border-router.co
                                        0x134 (size before relaxing)
 .eh_frame      0x000000000805c63c       0x78 obj_native/slip-bridge.o
                                         0x90 (size before relaxing)
 .eh_frame      0x000000000805c6b4       0xc8 obj_native/httpd-simple.o
                                         0xe0 (size before relaxing)
 .eh_frame      0x000000000805c77c       0x90 contiki-native.a(contiki-main.o)
                                         0xa8 (size before relaxing)
 .eh_frame      0x000000000805c80c       0x54 contiki-native.a(button-sensor.o)
                                         0x6c (size before relaxing)
 .eh_frame      0x000000000805c860       0x54 contiki-native.a(pir-sensor.o)
                                         0x6c (size before relaxing)
 .eh_frame      0x000000000805c8b4       0x54 contiki-native.a(vib-sensor.o)
                                         0x6c (size before relaxing)
 .eh_frame      0x000000000805c908       0xa0 contiki-native.a(sensors.o)
                                         0xb8 (size before relaxing)
 .eh_frame      0x000000000805c9a8       0x40 contiki-native.a(autostart.o)
                                         0x58 (size before relaxing)
 .eh_frame      0x000000000805c9e8      0x114 contiki-native.a(ctimer.o)
                                        0x12c (size before relaxing)
 .eh_frame      0x000000000805cafc      0x190 contiki-native.a(etimer.o)
                                        0x1a8 (size before relaxing)
 .eh_frame      0x000000000805cc8c      0x19c contiki-native.a(process.o)
                                        0x1b4 (size before relaxing)
 .eh_frame      0x000000000805ce28       0x50 contiki-native.a(rtimer.o)
                                         0x68 (size before relaxing)
 .eh_frame      0x000000000805ce78       0x8c contiki-native.a(timer.o)
                                         0xa4 (size before relaxing)
 .eh_frame      0x000000000805cf04       0x54 contiki-native.a(serial-line.o)
                                         0x6c (size before relaxing)
 .eh_frame      0x000000000805cf58       0xe0 contiki-native.a(slip.o)
                                         0xf8 (size before relaxing)
 .eh_frame      0x000000000805d038      0x12c contiki-native.a(list.o)
                                        0x144 (size before relaxing)
 .eh_frame      0x000000000805d164       0xcc contiki-native.a(memb.o)
                                         0xe4 (size before relaxing)
 .eh_frame      0x000000000805d230       0x90 contiki-native.a(ringbuf.o)
                                         0xa8 (size before relaxing)
 .eh_frame      0x000000000805d2c0      0x1a0 contiki-native.a(sicslowpan.o)
                                        0x1b8 (size before relaxing)
 .eh_frame      0x000000000805d460      0x2c0 contiki-native.a(uip6.o)
                                        0x2d8 (size before relaxing)
 .eh_frame      0x000000000805d720      0x2f4 contiki-native.a(uip-ds6.o)
                                        0x30c (size before relaxing)
 .eh_frame      0x000000000805da14      0x1c4 contiki-native.a(uip-ds6-nbr.o)
                                        0x1dc (size before relaxing)
 .eh_frame      0x000000000805dbd8      0x2b0 contiki-native.a(uip-ds6-route.o)
                                        0x2c8 (size before relaxing)
 .eh_frame      0x000000000805de88      0x158 contiki-native.a(uip-icmp6.o)
                                        0x170 (size before relaxing)
 .eh_frame      0x000000000805dfe0       0xc4 contiki-native.a(uip-nd6.o)
                                         0xdc (size before relaxing)
 .eh_frame      0x000000000805e0a4       0xdc contiki-native.a(psock.o)
                                         0xf4 (size before relaxing)
 .eh_frame      0x000000000805e180      0x238 contiki-native.a(tcpip.o)
                                        0x250 (size before relaxing)
 .eh_frame      0x000000000805e3b8       0x68 contiki-native.a(uip-debug.o)
                                         0x80 (size before relaxing)
 .eh_frame      0x000000000805e420       0xb4 contiki-native.a(uip-packetqueue)
                                         0xcc (size before relaxing)
 .eh_frame      0x000000000805e4d4      0x11c contiki-native.a(rpl.o)
                                        0x134 (size before relaxing)
 .eh_frame      0x000000000805e5f0      0x684 contiki-native.a(rpl-dag.o)
                                        0x69c (size before relaxing)
 .eh_frame      0x000000000805ec74       0xf0 contiki-native.a(rpl-ext-header.)
                                        0x108 (size before relaxing)
 .eh_frame      0x000000000805ed64      0x210 contiki-native.a(rpl-icmp6.o)
                                        0x228 (size before relaxing)
 .eh_frame      0x000000000805ef74      0x110 contiki-native.a(rpl-mrhof.o)
                                        0x128 (size before relaxing)
 .eh_frame      0x000000000805f084      0x1cc contiki-native.a(rpl-timers.o)
                                        0x1e4 (size before relaxing)
 .eh_frame      0x000000000805f250       0x44 contiki-native.a(linkaddr.o)
                                         0x5c (size before relaxing)
 .eh_frame      0x000000000805f294      0x200 contiki-native.a(nbr-table.o)
                                        0x218 (size before relaxing)
 .eh_frame      0x000000000805f494       0x18 contiki-native.a(netstack.o)
                                         0x30 (size before relaxing)
 .eh_frame      0x000000000805f4ac      0x240 contiki-native.a(packetbuf.o)
                                        0x258 (size before relaxing)
 .eh_frame      0x000000000805f6ec      0x148 contiki-native.a(queuebuf.o)
                                        0x160 (size before relaxing)
 .eh_frame      0x000000000805f834       0x88 contiki-native.a(framer-802154.o)
                                         0xa0 (size before relaxing)
 .eh_frame      0x000000000805f8bc       0x20 contiki-native.a(framer.o)
                                         0x38 (size before relaxing)
 .eh_frame      0x000000000805f8dc       0x88 contiki-native.a(nullmac.o)
                                         0xa0 (size before relaxing)
 .eh_frame      0x000000000805f964       0xf4 contiki-native.a(nullrdc.o)
                                        0x10c (size before relaxing)
 .eh_frame      0x000000000805fa58       0x70 contiki-native.a(nullsec.o)
                                         0x88 (size before relaxing)
 .eh_frame      0x000000000805fac8       0x4c contiki-native.a(clock.o)
                                         0x64 (size before relaxing)
 .eh_frame      0x000000000805fb14       0x54 contiki-native.a(rtimer-arch.o)
                                         0x6c (size before relaxing)
 .eh_frame      0x000000000805fb68       0x64 contiki-native.a(watchdog.o)
                                         0x7c (size before relaxing)
 .eh_frame      0x000000000805fbcc       0xa4 contiki-native.a(stimer.o)
                                         0xbc (size before relaxing)
 .eh_frame      0x000000000805fc70      0x118 contiki-native.a(nullradio.o)
                                        0x130 (size before relaxing)
 .eh_frame      0x000000000805fd88       0x30 contiki-native.a(random.o)
                                         0x48 (size before relaxing)
 .eh_frame      0x000000000805fdb8       0xb4 contiki-native.a(frame802154.o)
                                         0xcc (size before relaxing)
 .eh_frame      0x000000000805fe6c       0x18 contiki-native.a(mac.o)
                                         0x30 (size before relaxing)
 .eh_frame      0x000000000805fe84       0x50 /usr/lib/i386-linux-gnu/libc_nonshared.a(elf-init.oS)
                                         0x7c (size before relaxing)
 .eh_frame      0x000000000805fed4        0x4 /usr/lib/gcc/i686-linux-gnu/4.8/crtend.o

.gcc_except_table
 *(.gcc_except_table .gcc_except_table.*)

.exception_ranges
 *(.exception_ranges .exception_ranges*)
                0x000000000805fed8                . = (ALIGN (0x1000) - ((0x1000 - .) & 0xfff))
                0x0000000008060f08                . = DATA_SEGMENT_ALIGN (0x1000, 0x1000)

.eh_frame
 *(.eh_frame)

.gcc_except_table
 *(.gcc_except_table .gcc_except_table.*)

.exception_ranges
 *(.exception_ranges .exception_ranges*)

.tdata
 *(.tdata .tdata.* .gnu.linkonce.td.*)

.tbss
 *(.tbss .tbss.* .gnu.linkonce.tb.*)
 *(.tcommon)

.preinit_array  0x0000000008060f08        0x0
                0x0000000008060f08                PROVIDE (__preinit_array_start, .)
 *(.preinit_array)
                0x0000000008060f08                PROVIDE (__preinit_array_end, .)

.init_array     0x0000000008060f08        0x4
                0x0000000008060f08                PROVIDE (__init_array_start, .)
 *(SORT(.init_array.*) SORT(.ctors.*))
 *(.init_array EXCLUDE_FILE(*crtend?.o *crtend.o *crtbegin?.o *crtbegin.o) .ctors)
 .init_array    0x0000000008060f08        0x4 /usr/lib/gcc/i686-linux-gnu/4.8/crtbegin.o
                0x0000000008060f0c                PROVIDE (__init_array_end, .)

.fini_array     0x0000000008060f0c        0x4
                0x0000000008060f0c                PROVIDE (__fini_array_start, .)
 *(SORT(.fini_array.*) SORT(.dtors.*))
 *(.fini_array EXCLUDE_FILE(*crtend?.o *crtend.o *crtbegin?.o *crtbegin.o) .dtors)
 .fini_array    0x0000000008060f0c        0x4 /usr/lib/gcc/i686-linux-gnu/4.8/crtbegin.o
                0x0000000008060f10                PROVIDE (__fini_array_end, .)

.ctors
 *crtbegin.o(.ctors)
 *crtbegin?.o(.ctors)
 *(EXCLUDE_FILE(*crtend?.o *crtend.o) .ctors)
 *(SORT(.ctors.*))
 *(.ctors)

.dtors
 *crtbegin.o(.dtors)
 *crtbegin?.o(.dtors)
 *(EXCLUDE_FILE(*crtend?.o *crtend.o) .dtors)
 *(SORT(.dtors.*))
 *(.dtors)

.jcr            0x0000000008060f10        0x4
 *(.jcr)
 .jcr           0x0000000008060f10        0x0 /usr/lib/gcc/i686-linux-gnu/4.8/crtbegin.o
 .jcr           0x0000000008060f10        0x4 /usr/lib/gcc/i686-linux-gnu/4.8/crtend.o

.data.rel.ro
 *(.data.rel.ro.local* .gnu.linkonce.d.rel.ro.local.*)
 *(.data.rel.ro .data.rel.ro.* .gnu.linkonce.d.rel.ro.*)

.dynamic        0x0000000008060f14       0xe8
 *(.dynamic)
 .dynamic       0x0000000008060f14       0xe8 /usr/lib/gcc/i686-linux-gnu/4.8/../../../i386-linux-gnu/crt1.o
                0x0000000008060f14                _DYNAMIC

.got            0x0000000008060ffc        0x4
 *(.got)
 .got           0x0000000008060ffc        0x4 /usr/lib/gcc/i686-linux-gnu/4.8/../../../i386-linux-gnu/crt1.o
 *(.igot)
                0x0000000008061ff4                . = DATA_SEGMENT_RELRO_END (., (SIZEOF (.got.plt) >= 0xc)?0xc:0x0)

.got.plt        0x0000000008061000       0x78
 *(.got.plt)
 .got.plt       0x0000000008061000       0x78 /usr/lib/gcc/i686-linux-gnu/4.8/../../../i386-linux-gnu/crt1.o
                0x0000000008061000                _GLOBAL_OFFSET_TABLE_
 *(.igot.plt)
 .igot.plt      0x0000000000000000        0x0 /usr/lib/gcc/i686-linux-gnu/4.8/../../../i386-linux-gnu/crt1.o

.data           0x0000000008061078      0x1b0
 *(.data .data.* .gnu.linkonce.d.*)
 .data          0x0000000008061078        0x4 /usr/lib/gcc/i686-linux-gnu/4.8/../../../i386-linux-gnu/crt1.o
                0x0000000008061078                data_start
                0x0000000008061078                __data_start
 .data          0x000000000806107c        0x0 /usr/lib/gcc/i686-linux-gnu/4.8/../../../i386-linux-gnu/crti.o
 .data          0x000000000806107c        0x4 /usr/lib/gcc/i686-linux-gnu/4.8/crtbegin.o
                0x000000000806107c                __dso_handle
 .data          0x0000000008061080       0x20 border-router.co
                0x0000000008061080                webserver_nogui_process
                0x0000000008061090                border_router_process
 .data          0x00000000080610a0        0x0 obj_native/slip-bridge.o
 .data          0x00000000080610a0        0xc obj_native/httpd-simple.o
 .data          0x00000000080610ac       0x10 contiki-native.a(contiki-main.o)
                0x00000000080610ac                sensors
 .data          0x00000000080610bc        0x0 contiki-native.a(button-sensor.o)
 .data          0x00000000080610bc        0x0 contiki-native.a(pir-sensor.o)
 .data          0x00000000080610bc        0x0 contiki-native.a(vib-sensor.o)
 .data          0x00000000080610bc       0x10 contiki-native.a(sensors.o)
                0x00000000080610bc                sensors_process
 .data          0x00000000080610cc        0x0 contiki-native.a(autostart.o)
 .data          0x00000000080610cc       0x10 contiki-native.a(ctimer.o)
                0x00000000080610cc                ctimer_process
 .data          0x00000000080610dc       0x10 contiki-native.a(etimer.o)
                0x00000000080610dc                etimer_process
 .data          0x00000000080610ec        0x0 contiki-native.a(process.o)
 .data          0x00000000080610ec        0x0 contiki-native.a(rtimer.o)
 .data          0x00000000080610ec        0x0 contiki-native.a(timer.o)
 .data          0x00000000080610ec       0x10 contiki-native.a(serial-line.o)
                0x00000000080610ec                serial_line_process
 .data          0x00000000080610fc       0x10 contiki-native.a(slip.o)
                0x00000000080610fc                slip_process
 .data          0x000000000806110c        0x0 contiki-native.a(list.o)
 .data          0x000000000806110c        0x0 contiki-native.a(memb.o)
 .data          0x000000000806110c        0x0 contiki-native.a(ringbuf.o)
 .data          0x000000000806110c        0x0 contiki-native.a(sicslowpan.o)
 .data          0x000000000806110c        0x0 contiki-native.a(uip6.o)
 .data          0x000000000806110c        0x0 contiki-native.a(uip-ds6.o)
 .data          0x000000000806110c       0x14 contiki-native.a(uip-ds6-nbr.o)
                0x000000000806110c                ds6_neighbors
 .data          0x0000000008061120       0x34 contiki-native.a(uip-ds6-route.o)
 .data          0x0000000008061154       0x18 contiki-native.a(uip-icmp6.o)
 .data          0x000000000806116c       0x18 contiki-native.a(uip-nd6.o)
 .data          0x0000000008061184        0x0 contiki-native.a(psock.o)
 .data          0x0000000008061184       0x10 contiki-native.a(tcpip.o)
                0x0000000008061184                tcpip_process
 .data          0x0000000008061194        0x0 contiki-native.a(uip-debug.o)
 .data          0x0000000008061194        0xc contiki-native.a(uip-packetqueue)
 .data          0x00000000080611a0        0x0 contiki-native.a(rpl.o)
 .data          0x00000000080611a0       0x14 contiki-native.a(rpl-dag.o)
                0x00000000080611a0                rpl_parents
 .data          0x00000000080611b4        0x0 contiki-native.a(rpl-ext-header.)
 .data          0x00000000080611b4       0x31 contiki-native.a(rpl-icmp6.o)
 *fill*         0x00000000080611e5        0x3 
 .data          0x00000000080611e8       0x1c contiki-native.a(rpl-mrhof.o)
                0x00000000080611e8                rpl_mrhof
 .data          0x0000000008061204        0x0 contiki-native.a(rpl-timers.o)
 .data          0x0000000008061204        0x0 contiki-native.a(linkaddr.o)
 .data          0x0000000008061204        0xc contiki-native.a(nbr-table.o)
 .data          0x0000000008061210        0x0 contiki-native.a(netstack.o)
 .data          0x0000000008061210        0x0 contiki-native.a(packetbuf.o)
 .data          0x0000000008061210       0x18 contiki-native.a(queuebuf.o)
 .data          0x0000000008061228        0x0 contiki-native.a(framer-802154.o)
 .data          0x0000000008061228        0x0 contiki-native.a(framer.o)
 .data          0x0000000008061228        0x0 contiki-native.a(nullmac.o)
 .data          0x0000000008061228        0x0 contiki-native.a(nullrdc.o)
 .data          0x0000000008061228        0x0 contiki-native.a(nullsec.o)
 .data          0x0000000008061228        0x0 contiki-native.a(clock.o)
 .data          0x0000000008061228        0x0 contiki-native.a(rtimer-arch.o)
 .data          0x0000000008061228        0x0 contiki-native.a(watchdog.o)
 .data          0x0000000008061228        0x0 contiki-native.a(stimer.o)
 .data          0x0000000008061228        0x0 contiki-native.a(nullradio.o)
 .data          0x0000000008061228        0x0 contiki-native.a(random.o)
 .data          0x0000000008061228        0x0 contiki-native.a(frame802154.o)
 .data          0x0000000008061228        0x0 contiki-native.a(mac.o)
 .data          0x0000000008061228        0x0 /usr/lib/i386-linux-gnu/libc_nonshared.a(elf-init.oS)
 .data          0x0000000008061228        0x0 /usr/lib/gcc/i686-linux-gnu/4.8/crtend.o
 .data          0x0000000008061228        0x0 /usr/lib/gcc/i686-linux-gnu/4.8/../../../i386-linux-gnu/crtn.o

.tm_clone_table
                0x0000000008061228        0x0
 .tm_clone_table
                0x0000000008061228        0x0 /usr/lib/gcc/i686-linux-gnu/4.8/crtbegin.o
 .tm_clone_table
                0x0000000008061228        0x0 /usr/lib/gcc/i686-linux-gnu/4.8/crtend.o

.data1
 *(.data1)
                0x0000000008061228                _edata = .
                0x0000000008061228                PROVIDE (edata, .)
                0x0000000008061228                . = .
                0x0000000008061228                __bss_start = .

.bss            0x0000000008061240     0x33bc
 *(.dynbss)
 .dynbss        0x0000000008061240       0x24 /usr/lib/gcc/i686-linux-gnu/4.8/../../../i386-linux-gnu/crt1.o
                0x0000000008061240                stderr@@GLIBC_2.0
                0x0000000008061260                stdout@@GLIBC_2.0
 *(.bss .bss.* .gnu.linkonce.b.*)
 .bss           0x0000000008061264        0x0 /usr/lib/gcc/i686-linux-gnu/4.8/../../../i386-linux-gnu/crt1.o
 .bss           0x0000000008061264        0x0 /usr/lib/gcc/i686-linux-gnu/4.8/../../../i386-linux-gnu/crti.o
 .bss           0x0000000008061264        0x1 /usr/lib/gcc/i686-linux-gnu/4.8/crtbegin.o
 *fill*         0x0000000008061265       0x1b 
 .bss           0x0000000008061280      0x132 border-router.co
 .bss           0x00000000080613b2       0x12 obj_native/slip-bridge.o
 *fill*         0x00000000080613c4       0x1c 
 .bss           0x00000000080613e0       0xf2 obj_native/httpd-simple.o
 *fill*         0x00000000080614d2        0xe 
 .bss           0x00000000080614e0       0x40 contiki-native.a(contiki-main.o)
                0x00000000080614e0                contiki_argc
 .bss           0x0000000008061520        0x0 contiki-native.a(button-sensor.o)
 .bss           0x0000000008061520        0x4 contiki-native.a(pir-sensor.o)
 .bss           0x0000000008061524        0x4 contiki-native.a(vib-sensor.o)
 .bss           0x0000000008061528        0x9 contiki-native.a(sensors.o)
 .bss           0x0000000008061531        0x0 contiki-native.a(autostart.o)
 *fill*         0x0000000008061531        0x3 
 .bss           0x0000000008061534        0x8 contiki-native.a(ctimer.o)
 .bss           0x000000000806153c        0x8 contiki-native.a(etimer.o)
 *fill*         0x0000000008061544       0x1c 
 .bss           0x0000000008061560      0x1a3 contiki-native.a(process.o)
                0x0000000008061560                process_current
                0x0000000008061564                process_list
 *fill*         0x0000000008061703        0x1 
 .bss           0x0000000008061704        0x4 contiki-native.a(rtimer.o)
 .bss           0x0000000008061708        0x0 contiki-native.a(timer.o)
 *fill*         0x0000000008061708       0x18 
 .bss           0x0000000008061720      0x148 contiki-native.a(serial-line.o)
 *fill*         0x0000000008061868       0x18 
 .bss           0x0000000008061880      0x1d9 contiki-native.a(slip.o)
 .bss           0x0000000008061a59        0x0 contiki-native.a(list.o)
 .bss           0x0000000008061a59        0x0 contiki-native.a(memb.o)
 .bss           0x0000000008061a59        0x0 contiki-native.a(ringbuf.o)
 *fill*         0x0000000008061a59        0x7 
 .bss           0x0000000008061a60      0x1fc contiki-native.a(sicslowpan.o)
 .bss           0x0000000008061c5c        0xf contiki-native.a(uip6.o)
                0x0000000008061c5c                uip_ext_opt_offset
                0x0000000008061c5d                uip_ext_len
                0x0000000008061c5e                uip_ext_bitmap
 *fill*         0x0000000008061c6b        0x1 
 .bss           0x0000000008061c6c       0x20 contiki-native.a(uip-ds6.o)
 *fill*         0x0000000008061c8c       0x14 
 .bss           0x0000000008061ca0      0x528 contiki-native.a(uip-ds6-nbr.o)
 *fill*         0x00000000080621c8       0x18 
 .bss           0x00000000080621e0      0x770 contiki-native.a(uip-ds6-route.o)
 .bss           0x0000000008062950       0x18 contiki-native.a(uip-icmp6.o)
 .bss           0x0000000008062968       0x11 contiki-native.a(uip-nd6.o)
 .bss           0x0000000008062979        0x0 contiki-native.a(psock.o)
 *fill*         0x0000000008062979        0x7 
 .bss           0x0000000008062980      0x174 contiki-native.a(tcpip.o)
 .bss           0x0000000008062af4        0x0 contiki-native.a(uip-debug.o)
 *fill*         0x0000000008062af4        0xc 
 .bss           0x0000000008062b00      0x3a2 contiki-native.a(uip-packetqueue)
 *fill*         0x0000000008062ea2        0x2 
 .bss           0x0000000008062ea4        0x4 contiki-native.a(rpl.o)
 *fill*         0x0000000008062ea8       0x18 
 .bss           0x0000000008062ec0      0x258 contiki-native.a(rpl-dag.o)
 .bss           0x0000000008063118        0x0 contiki-native.a(rpl-ext-header.)
 .bss           0x0000000008063118        0x0 contiki-native.a(rpl-icmp6.o)
 .bss           0x0000000008063118        0x0 contiki-native.a(rpl-mrhof.o)
 *fill*         0x0000000008063118        0x8 
 .bss           0x0000000008063120       0x40 contiki-native.a(rpl-timers.o)
 .bss           0x0000000008063160        0x0 contiki-native.a(linkaddr.o)
 .bss           0x0000000008063160      0x21c contiki-native.a(nbr-table.o)
 .bss           0x000000000806337c        0x0 contiki-native.a(netstack.o)
 *fill*         0x000000000806337c        0x4 
 .bss           0x0000000008063380       0xd6 contiki-native.a(packetbuf.o)
 *fill*         0x0000000008063456        0xa 
 .bss           0x0000000008063460      0x2d8 contiki-native.a(queuebuf.o)
 .bss           0x0000000008063738        0x2 contiki-native.a(framer-802154.o)
 .bss           0x000000000806373a        0x0 contiki-native.a(framer.o)
 .bss           0x000000000806373a        0x0 contiki-native.a(nullmac.o)
 .bss           0x000000000806373a        0x0 contiki-native.a(nullrdc.o)
 .bss           0x000000000806373a        0x0 contiki-native.a(nullsec.o)
 .bss           0x000000000806373a        0x0 contiki-native.a(clock.o)
 .bss           0x000000000806373a        0x0 contiki-native.a(rtimer-arch.o)
 .bss           0x000000000806373a        0x0 contiki-native.a(watchdog.o)
 .bss           0x000000000806373a        0x0 contiki-native.a(stimer.o)
 .bss           0x000000000806373a        0x0 contiki-native.a(nullradio.o)
 .bss           0x000000000806373a        0x0 contiki-native.a(random.o)
 .bss           0x000000000806373a        0x0 contiki-native.a(frame802154.o)
 .bss           0x000000000806373a        0x0 contiki-native.a(mac.o)
 .bss           0x000000000806373a        0x0 /usr/lib/i386-linux-gnu/libc_nonshared.a(elf-init.oS)
 .bss           0x000000000806373a        0x0 /usr/lib/gcc/i686-linux-gnu/4.8/crtend.o
 .bss           0x000000000806373a        0x0 /usr/lib/gcc/i686-linux-gnu/4.8/../../../i386-linux-gnu/crtn.o
 *(COMMON)
 *fill*         0x000000000806373a        0x2 
 COMMON         0x000000000806373c        0x8 contiki-native.a(contiki-main.o)
                0x000000000806373c                contiki_argv
                0x0000000008063740                sensors_flags
 COMMON         0x0000000008063744        0x1 contiki-native.a(sensors.o)
                0x0000000008063744                sensors_event
 COMMON         0x0000000008063745        0x1 contiki-native.a(serial-line.o)
                0x0000000008063745                serial_line_event_message
 COMMON         0x0000000008063746        0x1 contiki-native.a(slip.o)
                0x0000000008063746                slip_active
 COMMON         0x0000000008063747        0x8 contiki-native.a(sicslowpan.o)
                0x0000000008063747                frag_sender
 *fill*         0x000000000806374f       0x11 
 COMMON         0x0000000008063760      0xb6c contiki-native.a(uip6.o)
                0x0000000008063760                uip_slen
                0x0000000008063762                uip_acc32
                0x0000000008063780                uip_conns
                0x0000000008063f00                uip_icmp6_conns
                0x0000000008063f08                uip_lladdr
                0x0000000008063f10                uip_appdata
                0x0000000008063f14                uip_flags
                0x0000000008063f20                uip_aligned_buf
                0x00000000080640e0                uip_listenports
                0x0000000008064130                uip_len
                0x0000000008064134                uip_sappdata
                0x0000000008064140                uip_udp_conns
                0x00000000080642c0                uip_udp_conn
                0x00000000080642c4                uip_next_hdr
                0x00000000080642c8                uip_conn
 *fill*         0x00000000080642cc       0x14 
 COMMON         0x00000000080642e0      0x181 contiki-native.a(uip-ds6.o)
                0x00000000080642e0                uip_ds6_prefix_list
                0x0000000008064340                uip_ds6_timer_periodic
                0x0000000008064350                uip_ds6_netif_addr_list_offset
                0x0000000008064360                uip_ds6_if
                0x0000000008064458                uip_ds6_timer_ra
                0x0000000008064460                uip_ds6_addr_size
 COMMON         0x0000000008064461        0x2 contiki-native.a(tcpip.o)
                0x0000000008064461                tcpip_icmp6_event
                0x0000000008064462                tcpip_event
 *fill*         0x0000000008064463       0x1d 
 COMMON         0x0000000008064480      0x144 contiki-native.a(rpl-dag.o)
                0x0000000008064480                default_instance
                0x00000000080644a0                instance_table
 COMMON         0x00000000080645c4        0x8 contiki-native.a(linkaddr.o)
                0x00000000080645c4                linkaddr_node_addr
 COMMON         0x00000000080645cc       0x2e contiki-native.a(packetbuf.o)
                0x00000000080645cc                packetbuf_attrs
                0x00000000080645ea                packetbuf_addrs
                0x00000000080645fc                . = ALIGN ((. != 0x0)?0x4:0x1)
 *fill*         0x00000000080645fa        0x2 
                0x00000000080645fc                . = ALIGN (0x4)
                0x00000000080645fc                . = SEGMENT_START ("ldata-segment", .)
                0x00000000080645fc                . = ALIGN (0x4)
                0x00000000080645fc                _end = .
                0x00000000080645fc                PROVIDE (end, .)
                0x00000000080645fc                . = DATA_SEGMENT_END (.)

.stab
 *(.stab)

.stabstr
 *(.stabstr)

.stab.excl
 *(.stab.excl)

.stab.exclstr
 *(.stab.exclstr)

.stab.index
 *(.stab.index)

.stab.indexstr
 *(.stab.indexstr)

.comment        0x0000000000000000       0x4d
 *(.comment)
 .comment       0x0000000000000000       0x29 /usr/lib/gcc/i686-linux-gnu/4.8/crtbegin.o
                                         0x2a (size before relaxing)
 .comment       0x0000000000000000       0x2a border-router.co
 .comment       0x0000000000000000       0x2a obj_native/slip-bridge.o
 .comment       0x0000000000000000       0x2a obj_native/httpd-simple.o
 .comment       0x0000000000000000       0x2a contiki-native.a(contiki-main.o)
 .comment       0x0000000000000000       0x2a contiki-native.a(button-sensor.o)
 .comment       0x0000000000000000       0x2a contiki-native.a(pir-sensor.o)
 .comment       0x0000000000000000       0x2a contiki-native.a(vib-sensor.o)
 .comment       0x0000000000000000       0x2a contiki-native.a(sensors.o)
 .comment       0x0000000000000000       0x2a contiki-native.a(autostart.o)
 .comment       0x0000000000000000       0x2a contiki-native.a(ctimer.o)
 .comment       0x0000000000000000       0x2a contiki-native.a(etimer.o)
 .comment       0x0000000000000000       0x2a contiki-native.a(process.o)
 .comment       0x0000000000000000       0x2a contiki-native.a(rtimer.o)
 .comment       0x0000000000000000       0x2a contiki-native.a(timer.o)
 .comment       0x0000000000000000       0x2a contiki-native.a(serial-line.o)
 .comment       0x0000000000000000       0x2a contiki-native.a(slip.o)
 .comment       0x0000000000000000       0x2a contiki-native.a(list.o)
 .comment       0x0000000000000000       0x2a contiki-native.a(memb.o)
 .comment       0x0000000000000000       0x2a contiki-native.a(ringbuf.o)
 .comment       0x0000000000000000       0x2a contiki-native.a(sicslowpan.o)
 .comment       0x0000000000000000       0x2a contiki-native.a(uip6.o)
 .comment       0x0000000000000000       0x2a contiki-native.a(uip-ds6.o)
 .comment       0x0000000000000000       0x2a contiki-native.a(uip-ds6-nbr.o)
 .comment       0x0000000000000000       0x2a contiki-native.a(uip-ds6-route.o)
 .comment       0x0000000000000000       0x2a contiki-native.a(uip-icmp6.o)
 .comment       0x0000000000000000       0x2a contiki-native.a(uip-nd6.o)
 .comment       0x0000000000000000       0x2a contiki-native.a(psock.o)
 .comment       0x0000000000000000       0x2a contiki-native.a(tcpip.o)
 .comment       0x0000000000000000       0x2a contiki-native.a(uip-debug.o)
 .comment       0x0000000000000000       0x2a contiki-native.a(uip-packetqueue)
 .comment       0x0000000000000000       0x2a contiki-native.a(rpl.o)
 .comment       0x0000000000000000       0x2a contiki-native.a(rpl-dag.o)
 .comment       0x0000000000000000       0x2a contiki-native.a(rpl-ext-header.)
 .comment       0x0000000000000000       0x2a contiki-native.a(rpl-icmp6.o)
 .comment       0x0000000000000000       0x2a contiki-native.a(rpl-mrhof.o)
 .comment       0x0000000000000000       0x2a contiki-native.a(rpl-timers.o)
 .comment       0x0000000000000000       0x2a contiki-native.a(linkaddr.o)
 .comment       0x0000000000000000       0x2a contiki-native.a(nbr-table.o)
 .comment       0x0000000000000000       0x2a contiki-native.a(netstack.o)
 .comment       0x0000000000000000       0x2a contiki-native.a(packetbuf.o)
 .comment       0x0000000000000000       0x2a contiki-native.a(queuebuf.o)
 .comment       0x0000000000000000       0x2a contiki-native.a(framer-802154.o)
 .comment       0x0000000000000000       0x2a contiki-native.a(framer.o)
 .comment       0x0000000000000000       0x2a contiki-native.a(nullmac.o)
 .comment       0x0000000000000000       0x2a contiki-native.a(nullrdc.o)
 .comment       0x0000000000000000       0x2a contiki-native.a(nullsec.o)
 .comment       0x0000000000000000       0x2a contiki-native.a(clock.o)
 .comment       0x0000000000000000       0x2a contiki-native.a(rtimer-arch.o)
 .comment       0x0000000000000000       0x2a contiki-native.a(watchdog.o)
 .comment       0x0000000000000000       0x2a contiki-native.a(stimer.o)
 .comment       0x0000000000000000       0x2a contiki-native.a(nullradio.o)
 .comment       0x0000000000000000       0x2a contiki-native.a(random.o)
 .comment       0x0000000000000000       0x2a contiki-native.a(frame802154.o)
 .comment       0x0000000000000000       0x2a contiki-native.a(mac.o)
 .comment       0x0000000000000029       0x24 /usr/lib/i386-linux-gnu/libc_nonshared.a(elf-init.oS)
                                         0x25 (size before relaxing)
 .comment       0x0000000000000000       0x2a /usr/lib/gcc/i686-linux-gnu/4.8/crtend.o

.debug
 *(.debug)

.line
 *(.line)

.debug_srcinfo
 *(.debug_srcinfo)

.debug_sfnames
 *(.debug_sfnames)

.debug_aranges  0x0000000000000000      0x6c0
 *(.debug_aranges)
 .debug_aranges
                0x0000000000000000       0x20 border-router.co
 .debug_aranges
                0x0000000000000020       0x20 obj_native/slip-bridge.o
 .debug_aranges
                0x0000000000000040       0x20 obj_native/httpd-simple.o
 .debug_aranges
                0x0000000000000060       0x20 contiki-native.a(contiki-main.o)
 .debug_aranges
                0x0000000000000080       0x20 contiki-native.a(button-sensor.o)
 .debug_aranges
                0x00000000000000a0       0x20 contiki-native.a(pir-sensor.o)
 .debug_aranges
                0x00000000000000c0       0x20 contiki-native.a(vib-sensor.o)
 .debug_aranges
                0x00000000000000e0       0x20 contiki-native.a(sensors.o)
 .debug_aranges
                0x0000000000000100       0x20 contiki-native.a(autostart.o)
 .debug_aranges
                0x0000000000000120       0x20 contiki-native.a(ctimer.o)
 .debug_aranges
                0x0000000000000140       0x20 contiki-native.a(etimer.o)
 .debug_aranges
                0x0000000000000160       0x20 contiki-native.a(process.o)
 .debug_aranges
                0x0000000000000180       0x20 contiki-native.a(rtimer.o)
 .debug_aranges
                0x00000000000001a0       0x20 contiki-native.a(timer.o)
 .debug_aranges
                0x00000000000001c0       0x20 contiki-native.a(serial-line.o)
 .debug_aranges
                0x00000000000001e0       0x20 contiki-native.a(slip.o)
 .debug_aranges
                0x0000000000000200       0x20 contiki-native.a(list.o)
 .debug_aranges
                0x0000000000000220       0x20 contiki-native.a(memb.o)
 .debug_aranges
                0x0000000000000240       0x20 contiki-native.a(ringbuf.o)
 .debug_aranges
                0x0000000000000260       0x20 contiki-native.a(sicslowpan.o)
 .debug_aranges
                0x0000000000000280       0x20 contiki-native.a(uip6.o)
 .debug_aranges
                0x00000000000002a0       0x20 contiki-native.a(uip-ds6.o)
 .debug_aranges
                0x00000000000002c0       0x20 contiki-native.a(uip-ds6-nbr.o)
 .debug_aranges
                0x00000000000002e0       0x20 contiki-native.a(uip-ds6-route.o)
 .debug_aranges
                0x0000000000000300       0x20 contiki-native.a(uip-icmp6.o)
 .debug_aranges
                0x0000000000000320       0x20 contiki-native.a(uip-nd6.o)
 .debug_aranges
                0x0000000000000340       0x20 contiki-native.a(psock.o)
 .debug_aranges
                0x0000000000000360       0x20 contiki-native.a(tcpip.o)
 .debug_aranges
                0x0000000000000380       0x20 contiki-native.a(uip-debug.o)
 .debug_aranges
                0x00000000000003a0       0x20 contiki-native.a(uip-packetqueue)
 .debug_aranges
                0x00000000000003c0       0x20 contiki-native.a(rpl.o)
 .debug_aranges
                0x00000000000003e0       0x20 contiki-native.a(rpl-dag.o)
 .debug_aranges
                0x0000000000000400       0x20 contiki-native.a(rpl-ext-header.)
 .debug_aranges
                0x0000000000000420       0x20 contiki-native.a(rpl-icmp6.o)
 .debug_aranges
                0x0000000000000440       0x20 contiki-native.a(rpl-mrhof.o)
 .debug_aranges
                0x0000000000000460       0x20 contiki-native.a(rpl-timers.o)
 .debug_aranges
                0x0000000000000480       0x20 contiki-native.a(linkaddr.o)
 .debug_aranges
                0x00000000000004a0       0x20 contiki-native.a(nbr-table.o)
 .debug_aranges
                0x00000000000004c0       0x20 contiki-native.a(netstack.o)
 .debug_aranges
                0x00000000000004e0       0x20 contiki-native.a(packetbuf.o)
 .debug_aranges
                0x0000000000000500       0x20 contiki-native.a(queuebuf.o)
 .debug_aranges
                0x0000000000000520       0x20 contiki-native.a(framer-802154.o)
 .debug_aranges
                0x0000000000000540       0x20 contiki-native.a(framer.o)
 .debug_aranges
                0x0000000000000560       0x20 contiki-native.a(nullmac.o)
 .debug_aranges
                0x0000000000000580       0x20 contiki-native.a(nullrdc.o)
 .debug_aranges
                0x00000000000005a0       0x20 contiki-native.a(nullsec.o)
 .debug_aranges
                0x00000000000005c0       0x20 contiki-native.a(clock.o)
 .debug_aranges
                0x00000000000005e0       0x20 contiki-native.a(rtimer-arch.o)
 .debug_aranges
                0x0000000000000600       0x20 contiki-native.a(watchdog.o)
 .debug_aranges
                0x0000000000000620       0x20 contiki-native.a(stimer.o)
 .debug_aranges
                0x0000000000000640       0x20 contiki-native.a(nullradio.o)
 .debug_aranges
                0x0000000000000660       0x20 contiki-native.a(random.o)
 .debug_aranges
                0x0000000000000680       0x20 contiki-native.a(frame802154.o)
 .debug_aranges
                0x00000000000006a0       0x20 contiki-native.a(mac.o)

.debug_pubnames
 *(.debug_pubnames)

.debug_info     0x0000000000000000    0x230a5
 *(.debug_info .gnu.linkonce.wi.*)
 .debug_info    0x0000000000000000     0x1c78 border-router.co
 .debug_info    0x0000000000001c78      0xa6d obj_native/slip-bridge.o
 .debug_info    0x00000000000026e5      0xe80 obj_native/httpd-simple.o
 .debug_info    0x0000000000003565     0x12ef contiki-native.a(contiki-main.o)
 .debug_info    0x0000000000004854      0x1c9 contiki-native.a(button-sensor.o)
 .debug_info    0x0000000000004a1d      0x1e6 contiki-native.a(pir-sensor.o)
 .debug_info    0x0000000000004c03      0x1d8 contiki-native.a(vib-sensor.o)
 .debug_info    0x0000000000004ddb      0x47f contiki-native.a(sensors.o)
 .debug_info    0x000000000000525a      0x1f0 contiki-native.a(autostart.o)
 .debug_info    0x000000000000544a      0x67b contiki-native.a(ctimer.o)
 .debug_info    0x0000000000005ac5      0x5fe contiki-native.a(etimer.o)
 .debug_info    0x00000000000060c3      0x846 contiki-native.a(process.o)
 .debug_info    0x0000000000006909      0x1e8 contiki-native.a(rtimer.o)
 .debug_info    0x0000000000006af1      0x1ae contiki-native.a(timer.o)
 .debug_info    0x0000000000006c9f      0x479 contiki-native.a(serial-line.o)
 .debug_info    0x0000000000007118      0x9ab contiki-native.a(slip.o)
 .debug_info    0x0000000000007ac3      0x354 contiki-native.a(list.o)
 .debug_info    0x0000000000007e17      0x2ae contiki-native.a(memb.o)
 .debug_info    0x00000000000080c5      0x1ba contiki-native.a(ringbuf.o)
 .debug_info    0x000000000000827f     0x1eb2 contiki-native.a(sicslowpan.o)
 .debug_info    0x000000000000a131     0x1888 contiki-native.a(uip6.o)
 .debug_info    0x000000000000b9b9     0x11bf contiki-native.a(uip-ds6.o)
 .debug_info    0x000000000000cb78     0x11a4 contiki-native.a(uip-ds6-nbr.o)
 .debug_info    0x000000000000dd1c     0x18c0 contiki-native.a(uip-ds6-route.o)
 .debug_info    0x000000000000f5dc      0xbfb contiki-native.a(uip-icmp6.o)
 .debug_info    0x00000000000101d7     0x10e0 contiki-native.a(uip-nd6.o)
 .debug_info    0x00000000000112b7      0x95a contiki-native.a(psock.o)
 .debug_info    0x0000000000011c11     0x2110 contiki-native.a(tcpip.o)
 .debug_info    0x0000000000013d21      0x5ca contiki-native.a(uip-debug.o)
 .debug_info    0x00000000000142eb      0x76b contiki-native.a(uip-packetqueue)
 .debug_info    0x0000000000014a56     0x1200 contiki-native.a(rpl.o)
 .debug_info    0x0000000000015c56     0x2dbe contiki-native.a(rpl-dag.o)
 .debug_info    0x0000000000018a14     0x1105 contiki-native.a(rpl-ext-header.)
 .debug_info    0x0000000000019b19     0x20ef contiki-native.a(rpl-icmp6.o)
 .debug_info    0x000000000001bc08      0xd4c contiki-native.a(rpl-mrhof.o)
 .debug_info    0x000000000001c954     0x12e2 contiki-native.a(rpl-timers.o)
 .debug_info    0x000000000001dc36      0x228 contiki-native.a(linkaddr.o)
 .debug_info    0x000000000001de5e      0xe44 contiki-native.a(nbr-table.o)
 .debug_info    0x000000000001eca2      0x468 contiki-native.a(netstack.o)
 .debug_info    0x000000000001f10a      0x8e5 contiki-native.a(packetbuf.o)
 .debug_info    0x000000000001f9ef      0x82a contiki-native.a(queuebuf.o)
 .debug_info    0x0000000000020219      0x905 contiki-native.a(framer-802154.o)
 .debug_info    0x0000000000020b1e      0x1ed contiki-native.a(framer.o)
 .debug_info    0x0000000000020d0b      0x39f contiki-native.a(nullmac.o)
 .debug_info    0x00000000000210aa      0x872 contiki-native.a(nullrdc.o)
 .debug_info    0x000000000002191c      0x3ac contiki-native.a(nullsec.o)
 .debug_info    0x0000000000021cc8      0x1a9 contiki-native.a(clock.o)
 .debug_info    0x0000000000021e71      0x272 contiki-native.a(rtimer-arch.o)
 .debug_info    0x00000000000220e3       0xf3 contiki-native.a(watchdog.o)
 .debug_info    0x00000000000221d6      0x1c3 contiki-native.a(stimer.o)
 .debug_info    0x0000000000022399      0x49e contiki-native.a(nullradio.o)
 .debug_info    0x0000000000022837       0xf6 contiki-native.a(random.o)
 .debug_info    0x000000000002292d      0x63d contiki-native.a(frame802154.o)
 .debug_info    0x0000000000022f6a      0x13b contiki-native.a(mac.o)

.debug_abbrev   0x0000000000000000     0x85e6
 *(.debug_abbrev)
 .debug_abbrev  0x0000000000000000      0x4d2 border-router.co
 .debug_abbrev  0x00000000000004d2      0x2ea obj_native/slip-bridge.o
 .debug_abbrev  0x00000000000007bc      0x2ef obj_native/httpd-simple.o
 .debug_abbrev  0x0000000000000aab      0x456 contiki-native.a(contiki-main.o)
 .debug_abbrev  0x0000000000000f01       0xe8 contiki-native.a(button-sensor.o)
 .debug_abbrev  0x0000000000000fe9      0x106 contiki-native.a(pir-sensor.o)
 .debug_abbrev  0x00000000000010ef      0x106 contiki-native.a(vib-sensor.o)
 .debug_abbrev  0x00000000000011f5      0x2be contiki-native.a(sensors.o)
 .debug_abbrev  0x00000000000014b3      0x129 contiki-native.a(autostart.o)
 .debug_abbrev  0x00000000000015dc      0x215 contiki-native.a(ctimer.o)
 .debug_abbrev  0x00000000000017f1      0x2da contiki-native.a(etimer.o)
 .debug_abbrev  0x0000000000001acb      0x336 contiki-native.a(process.o)
 .debug_abbrev  0x0000000000001e01      0x162 contiki-native.a(rtimer.o)
 .debug_abbrev  0x0000000000001f63       0xdf contiki-native.a(timer.o)
 .debug_abbrev  0x0000000000002042      0x25e contiki-native.a(serial-line.o)
 .debug_abbrev  0x00000000000022a0      0x3af contiki-native.a(slip.o)
 .debug_abbrev  0x000000000000264f      0x18b contiki-native.a(list.o)
 .debug_abbrev  0x00000000000027da      0x16b contiki-native.a(memb.o)
 .debug_abbrev  0x0000000000002945       0xea contiki-native.a(ringbuf.o)
 .debug_abbrev  0x0000000000002a2f      0x4c6 contiki-native.a(sicslowpan.o)
 .debug_abbrev  0x0000000000002ef5      0x3fc contiki-native.a(uip6.o)
 .debug_abbrev  0x00000000000032f1      0x30f contiki-native.a(uip-ds6.o)
 .debug_abbrev  0x0000000000003600      0x306 contiki-native.a(uip-ds6-nbr.o)
 .debug_abbrev  0x0000000000003906      0x3c3 contiki-native.a(uip-ds6-route.o)
 .debug_abbrev  0x0000000000003cc9      0x3fb contiki-native.a(uip-icmp6.o)
 .debug_abbrev  0x00000000000040c4      0x3b3 contiki-native.a(uip-nd6.o)
 .debug_abbrev  0x0000000000004477      0x32f contiki-native.a(psock.o)
 .debug_abbrev  0x00000000000047a6      0x546 contiki-native.a(tcpip.o)
 .debug_abbrev  0x0000000000004cec      0x1ba contiki-native.a(uip-debug.o)
 .debug_abbrev  0x0000000000004ea6      0x222 contiki-native.a(uip-packetqueue)
 .debug_abbrev  0x00000000000050c8      0x37b contiki-native.a(rpl.o)
 .debug_abbrev  0x0000000000005443      0x59f contiki-native.a(rpl-dag.o)
 .debug_abbrev  0x00000000000059e2      0x3d9 contiki-native.a(rpl-ext-header.)
 .debug_abbrev  0x0000000000005dbb      0x4a1 contiki-native.a(rpl-icmp6.o)
 .debug_abbrev  0x000000000000625c      0x25f contiki-native.a(rpl-mrhof.o)
 .debug_abbrev  0x00000000000064bb      0x3a1 contiki-native.a(rpl-timers.o)
 .debug_abbrev  0x000000000000685c      0x15a contiki-native.a(linkaddr.o)
 .debug_abbrev  0x00000000000069b6      0x33d contiki-native.a(nbr-table.o)
 .debug_abbrev  0x0000000000006cf3      0x102 contiki-native.a(netstack.o)
 .debug_abbrev  0x0000000000006df5      0x316 contiki-native.a(packetbuf.o)
 .debug_abbrev  0x000000000000710b      0x26b contiki-native.a(queuebuf.o)
 .debug_abbrev  0x0000000000007376      0x28c contiki-native.a(framer-802154.o)
 .debug_abbrev  0x0000000000007602       0xe4 contiki-native.a(framer.o)
 .debug_abbrev  0x00000000000076e6      0x192 contiki-native.a(nullmac.o)
 .debug_abbrev  0x0000000000007878      0x318 contiki-native.a(nullrdc.o)
 .debug_abbrev  0x0000000000007b90      0x19e contiki-native.a(nullsec.o)
 .debug_abbrev  0x0000000000007d2e       0xe5 contiki-native.a(clock.o)
 .debug_abbrev  0x0000000000007e13      0x154 contiki-native.a(rtimer-arch.o)
 .debug_abbrev  0x0000000000007f67       0x8b contiki-native.a(watchdog.o)
 .debug_abbrev  0x0000000000007ff2       0xc3 contiki-native.a(stimer.o)
 .debug_abbrev  0x00000000000080b5      0x174 contiki-native.a(nullradio.o)
 .debug_abbrev  0x0000000000008229       0xbe contiki-native.a(random.o)
 .debug_abbrev  0x00000000000082e7      0x244 contiki-native.a(frame802154.o)
 .debug_abbrev  0x000000000000852b       0xbb contiki-native.a(mac.o)

.debug_line     0x0000000000000000     0x73f1
 *(.debug_line .debug_line.* .debug_line_end)
 .debug_line    0x0000000000000000      0x546 border-router.co
 .debug_line    0x0000000000000546      0x219 obj_native/slip-bridge.o
 .debug_line    0x000000000000075f      0x2b0 obj_native/httpd-simple.o
 .debug_line    0x0000000000000a0f      0x46a contiki-native.a(contiki-main.o)
 .debug_line    0x0000000000000e79       0x87 contiki-native.a(button-sensor.o)
 .debug_line    0x0000000000000f00       0x85 contiki-native.a(pir-sensor.o)
 .debug_line    0x0000000000000f85       0x85 contiki-native.a(vib-sensor.o)
 .debug_line    0x000000000000100a      0x157 contiki-native.a(sensors.o)
 .debug_line    0x0000000000001161       0x9f contiki-native.a(autostart.o)
 .debug_line    0x0000000000001200      0x149 contiki-native.a(ctimer.o)
 .debug_line    0x0000000000001349      0x160 contiki-native.a(etimer.o)
 .debug_line    0x00000000000014a9      0x1c7 contiki-native.a(process.o)
 .debug_line    0x0000000000001670       0x7d contiki-native.a(rtimer.o)
 .debug_line    0x00000000000016ed       0xb8 contiki-native.a(timer.o)
 .debug_line    0x00000000000017a5      0x102 contiki-native.a(serial-line.o)
 .debug_line    0x00000000000018a7      0x262 contiki-native.a(slip.o)
 .debug_line    0x0000000000001b09       0xee contiki-native.a(list.o)
 .debug_line    0x0000000000001bf7      0x11c contiki-native.a(memb.o)
 .debug_line    0x0000000000001d13       0xa3 contiki-native.a(ringbuf.o)
 .debug_line    0x0000000000001db6      0x716 contiki-native.a(sicslowpan.o)
 .debug_line    0x00000000000024cc      0x6e1 contiki-native.a(uip6.o)
 .debug_line    0x0000000000002bad      0x3b5 contiki-native.a(uip-ds6.o)
 .debug_line    0x0000000000002f62      0x304 contiki-native.a(uip-ds6-nbr.o)
 .debug_line    0x0000000000003266      0x3c8 contiki-native.a(uip-ds6-route.o)
 .debug_line    0x000000000000362e      0x316 contiki-native.a(uip-icmp6.o)
 .debug_line    0x0000000000003944      0x3ce contiki-native.a(uip-nd6.o)
 .debug_line    0x0000000000003d12      0x23b contiki-native.a(psock.o)
 .debug_line    0x0000000000003f4d      0x410 contiki-native.a(tcpip.o)
 .debug_line    0x000000000000435d      0x17c contiki-native.a(uip-debug.o)
 .debug_line    0x00000000000044d9      0x1e6 contiki-native.a(uip-packetqueue)
 .debug_line    0x00000000000046bf      0x308 contiki-native.a(rpl.o)
 .debug_line    0x00000000000049c7      0x785 contiki-native.a(rpl-dag.o)
 .debug_line    0x000000000000514c      0x36a contiki-native.a(rpl-ext-header.)
 .debug_line    0x00000000000054b6      0x599 contiki-native.a(rpl-icmp6.o)
 .debug_line    0x0000000000005a4f      0x290 contiki-native.a(rpl-mrhof.o)
 .debug_line    0x0000000000005cdf      0x33c contiki-native.a(rpl-timers.o)
 .debug_line    0x000000000000601b       0xfb contiki-native.a(linkaddr.o)
 .debug_line    0x0000000000006116      0x23f contiki-native.a(nbr-table.o)
 .debug_line    0x0000000000006355       0xf0 contiki-native.a(netstack.o)
 .debug_line    0x0000000000006445      0x1e5 contiki-native.a(packetbuf.o)
 .debug_line    0x000000000000662a      0x10d contiki-native.a(queuebuf.o)
 .debug_line    0x0000000000006737      0x1d0 contiki-native.a(framer-802154.o)
 .debug_line    0x0000000000006907       0xf0 contiki-native.a(framer.o)
 .debug_line    0x00000000000069f7       0xe8 contiki-native.a(nullmac.o)
 .debug_line    0x0000000000006adf      0x190 contiki-native.a(nullrdc.o)
 .debug_line    0x0000000000006c6f       0xf4 contiki-native.a(nullsec.o)
 .debug_line    0x0000000000006d63       0xce contiki-native.a(clock.o)
 .debug_line    0x0000000000006e31      0x136 contiki-native.a(rtimer-arch.o)
 .debug_line    0x0000000000006f67       0x6f contiki-native.a(watchdog.o)
 .debug_line    0x0000000000006fd6       0x92 contiki-native.a(stimer.o)
 .debug_line    0x0000000000007068       0xbd contiki-native.a(nullradio.o)
 .debug_line    0x0000000000007125       0x68 contiki-native.a(random.o)
 .debug_line    0x000000000000718d      0x1f2 contiki-native.a(frame802154.o)
 .debug_line    0x000000000000737f       0x72 contiki-native.a(mac.o)

.debug_frame
 *(.debug_frame)

.debug_str      0x0000000000000000     0x49c9
 *(.debug_str)
 .debug_str     0x0000000000000000      0xb88 border-router.co
                                        0xdd4 (size before relaxing)
 .debug_str     0x0000000000000b88       0xfa obj_native/slip-bridge.o
                                        0x50b (size before relaxing)
 .debug_str     0x0000000000000c82      0x1be obj_native/httpd-simple.o
                                        0x62d (size before relaxing)
 .debug_str     0x0000000000000e40      0x2fb contiki-native.a(contiki-main.o)
                                        0x803 (size before relaxing)
 .debug_str     0x000000000000113b       0x4a contiki-native.a(button-sensor.o)
                                        0x18b (size before relaxing)
 .debug_str     0x0000000000001185       0x50 contiki-native.a(pir-sensor.o)
                                        0x19e (size before relaxing)
 .debug_str     0x00000000000011d5       0x3d contiki-native.a(vib-sensor.o)
                                        0x18b (size before relaxing)
 .debug_str     0x0000000000001212       0xa9 contiki-native.a(sensors.o)
                                        0x2ad (size before relaxing)
 .debug_str     0x00000000000012bb       0x3a contiki-native.a(autostart.o)
                                        0x1b7 (size before relaxing)
 .debug_str     0x00000000000012f5      0x101 contiki-native.a(ctimer.o)
                                        0x2fe (size before relaxing)
 .debug_str     0x00000000000013f6       0xe0 contiki-native.a(etimer.o)
                                        0x33d (size before relaxing)
 .debug_str     0x00000000000014d6       0xf7 contiki-native.a(process.o)
                                        0x460 (size before relaxing)
 .debug_str     0x00000000000015cd       0xd9 contiki-native.a(rtimer.o)
                                        0x204 (size before relaxing)
 .debug_str     0x00000000000016a6       0x25 contiki-native.a(timer.o)
                                        0x196 (size before relaxing)
 .debug_str     0x00000000000016cb       0xb4 contiki-native.a(serial-line.o)
                                        0x2bc (size before relaxing)
 .debug_str     0x000000000000177f       0xef contiki-native.a(slip.o)
                                        0x4d2 (size before relaxing)
 .debug_str     0x000000000000186e       0x82 contiki-native.a(list.o)
                                        0x13c (size before relaxing)
 .debug_str     0x00000000000018f0       0x40 contiki-native.a(memb.o)
                                        0x197 (size before relaxing)
 .debug_str     0x0000000000001930       0x3a contiki-native.a(ringbuf.o)
                                        0x19e (size before relaxing)
 .debug_str     0x000000000000196a      0x7c8 contiki-native.a(sicslowpan.o)
                                        0xd04 (size before relaxing)
 .debug_str     0x0000000000002132      0x46f contiki-native.a(uip6.o)
                                        0xb16 (size before relaxing)
 .debug_str     0x00000000000025a1      0x2f0 contiki-native.a(uip-ds6.o)
                                        0x8a5 (size before relaxing)